Component: ARM Compiler 5.05 update 1 (build 106) Tool: armlink [4d0efa]

==============================================================================

Section Cross References

    startup_stm32f103xe.o(STACK) refers (Special) to heapauxi.o(.text) for __use_two_region_memory
    startup_stm32f103xe.o(HEAP) refers (Special) to heapauxi.o(.text) for __use_two_region_memory
    startup_stm32f103xe.o(RESET) refers (Special) to heapauxi.o(.text) for __use_two_region_memory
    startup_stm32f103xe.o(RESET) refers to startup_stm32f103xe.o(STACK) for __initial_sp
    startup_stm32f103xe.o(RESET) refers to startup_stm32f103xe.o(.text) for Reset_Handler
    startup_stm32f103xe.o(RESET) refers to stm32f1xx_it.o(i.NMI_Handler) for NMI_Handler
    startup_stm32f103xe.o(RESET) refers to stm32f1xx_it.o(i.HardFault_Handler) for HardFault_Handler
    startup_stm32f103xe.o(RESET) refers to stm32f1xx_it.o(i.MemManage_Handler) for MemManage_Handler
    startup_stm32f103xe.o(RESET) refers to stm32f1xx_it.o(i.BusFault_Handler) for BusFault_Handler
    startup_stm32f103xe.o(RESET) refers to stm32f1xx_it.o(i.UsageFault_Handler) for UsageFault_Handler
    startup_stm32f103xe.o(RESET) refers to stm32f1xx_it.o(i.SVC_Handler) for SVC_Handler
    startup_stm32f103xe.o(RESET) refers to stm32f1xx_it.o(i.DebugMon_Handler) for DebugMon_Handler
    startup_stm32f103xe.o(RESET) refers to stm32f1xx_it.o(i.PendSV_Handler) for PendSV_Handler
    startup_stm32f103xe.o(RESET) refers to stm32f1xx_it.o(i.SysTick_Handler) for SysTick_Handler
    startup_stm32f103xe.o(RESET) refers to stm32f1xx_it.o(i.EXTI4_IRQHandler) for EXTI4_IRQHandler
    startup_stm32f103xe.o(RESET) refers to stm32f1xx_it.o(i.DMA1_Channel1_IRQHandler) for DMA1_Channel1_IRQHandler
    startup_stm32f103xe.o(RESET) refers to stm32f1xx_it.o(i.TIM2_IRQHandler) for TIM2_IRQHandler
    startup_stm32f103xe.o(RESET) refers to stm32f1xx_it.o(i.USART1_IRQHandler) for USART1_IRQHandler
    startup_stm32f103xe.o(RESET) refers to stm32f1xx_it.o(i.USART2_IRQHandler) for USART2_IRQHandler
    startup_stm32f103xe.o(RESET) refers to stm32f1xx_it.o(i.USART3_IRQHandler) for USART3_IRQHandler
    startup_stm32f103xe.o(RESET) refers to stm32f1xx_it.o(i.UART4_IRQHandler) for UART4_IRQHandler
    startup_stm32f103xe.o(RESET) refers to stm32f1xx_it.o(i.UART5_IRQHandler) for UART5_IRQHandler
    startup_stm32f103xe.o(.text) refers (Special) to heapauxi.o(.text) for __use_two_region_memory
    startup_stm32f103xe.o(.text) refers to system_stm32f1xx.o(i.SystemInit) for SystemInit
    startup_stm32f103xe.o(.text) refers to __main.o(!!!main) for __main
    startup_stm32f103xe.o(.text) refers to startup_stm32f103xe.o(HEAP) for Heap_Mem
    startup_stm32f103xe.o(.text) refers to startup_stm32f103xe.o(STACK) for Stack_Mem
    main.o(i.HAL_GPIO_EXTI_Callback) refers to stm32f1xx_hal_gpio.o(i.HAL_GPIO_TogglePin) for HAL_GPIO_TogglePin
    main.o(i.HAL_GPIO_EXTI_Callback) refers to stm32f1xx_hal_gpio.o(i.HAL_GPIO_WritePin) for HAL_GPIO_WritePin
    main.o(i.HAL_GPIO_EXTI_Callback) refers to main.o(.data) for .data
    main.o(i.HAL_TIM_PeriodElapsedCallback) refers to main.o(.data) for .data
    main.o(i.HAL_UART_RxCpltCallback) refers to openmv.o(i.Openmv_Receive_Data) for Openmv_Receive_Data
    main.o(i.HAL_UART_RxCpltCallback) refers to stm32f1xx_hal_uart.o(i.HAL_UART_Receive_IT) for HAL_UART_Receive_IT
    main.o(i.HAL_UART_RxCpltCallback) refers to main.o(.data) for .data
    main.o(i.HAL_UART_RxCpltCallback) refers to usart.o(.bss) for huart4
    main.o(i.HAL_UART_RxCpltCallback) refers to main.o(.bss) for .bss
    main.o(i.SystemClock_Config) refers to rt_memclr_w.o(.text) for __aeabi_memclr4
    main.o(i.SystemClock_Config) refers to stm32f1xx_hal_rcc.o(i.HAL_RCC_OscConfig) for HAL_RCC_OscConfig
    main.o(i.SystemClock_Config) refers to stm32f1xx_hal_rcc.o(i.HAL_RCC_ClockConfig) for HAL_RCC_ClockConfig
    main.o(i.SystemClock_Config) refers to stm32f1xx_hal_rcc_ex.o(i.HAL_RCCEx_PeriphCLKConfig) for HAL_RCCEx_PeriphCLKConfig
    main.o(i.main) refers to _printf_percent.o(.ARM.Collect$$_printf_percent$$00000000) for _printf_percent
    main.o(i.main) refers to _printf_d.o(.ARM.Collect$$_printf_percent$$00000009) for _printf_d
    main.o(i.main) refers to _printf_dec.o(.text) for _printf_int_dec
    main.o(i.main) refers to stm32f1xx_hal.o(i.HAL_Init) for HAL_Init
    main.o(i.main) refers to main.o(i.SystemClock_Config) for SystemClock_Config
    main.o(i.main) refers to gpio.o(i.MX_GPIO_Init) for MX_GPIO_Init
    main.o(i.main) refers to usart.o(i.MX_UART4_Init) for MX_UART4_Init
    main.o(i.main) refers to usart.o(i.MX_UART5_Init) for MX_UART5_Init
    main.o(i.main) refers to dma.o(i.MX_DMA_Init) for MX_DMA_Init
    main.o(i.main) refers to adc.o(i.MX_ADC1_Init) for MX_ADC1_Init
    main.o(i.main) refers to usart.o(i.MX_USART1_UART_Init) for MX_USART1_UART_Init
    main.o(i.main) refers to usart.o(i.MX_USART2_UART_Init) for MX_USART2_UART_Init
[...]
    i.HAL_ADC_GetState                       0x0800085c   Section        0  stm32f1xx_hal_adc.o(i.HAL_ADC_GetState)
    i.HAL_ADC_GetValue                       0x08000860   Section        0  stm32f1xx_hal_adc.o(i.HAL_ADC_GetValue)
    i.HAL_ADC_Init                           0x08000868   Section        0  stm32f1xx_hal_adc.o(i.HAL_ADC_Init)
    i.HAL_ADC_MspInit                        0x0800098c   Section        0  adc.o(i.HAL_ADC_MspInit)
    i.HAL_ADC_PollForConversion              0x08000a54   Section        0  stm32f1xx_hal_adc.o(i.HAL_ADC_PollForConversion)
    i.HAL_ADC_Start                          0x08000b90   Section        0  stm32f1xx_hal_adc.o(i.HAL_ADC_Start)
    i.HAL_DMA_Abort                          0x08000c50   Section        0  stm32f1xx_hal_dma.o(i.HAL_DMA_Abort)
    i.HAL_DMA_Abort_IT                       0x08000c98   Section        0  stm32f1xx_hal_dma.o(i.HAL_DMA_Abort_IT)
    i.HAL_DMA_IRQHandler                     0x08000dc8   Section        0  stm32f1xx_hal_dma.o(i.HAL_DMA_IRQHandler)
    i.HAL_DMA_Init                           0x08001010   Section        0  stm32f1xx_hal_dma.o(i.HAL_DMA_Init)
    i.HAL_Delay                              0x0800108c   Section        0  stm32f1xx_hal.o(i.HAL_Delay)
    i.HAL_GPIO_EXTI_Callback                 0x080010b0   Section        0  main.o(i.HAL_GPIO_EXTI_Callback)
    i.HAL_GPIO_EXTI_IRQHandler               0x080010e4   Section        0  stm32f1xx_hal_gpio.o(i.HAL_GPIO_EXTI_IRQHandler)
    i.HAL_GPIO_Init                          0x080010fc   Section        0  stm32f1xx_hal_gpio.o(i.HAL_GPIO_Init)
    i.HAL_GPIO_TogglePin                     0x080012f4   Section        0  stm32f1xx_hal_gpio.o(i.HAL_GPIO_TogglePin)
    i.HAL_GPIO_WritePin                      0x08001304   Section        0  stm32f1xx_hal_gpio.o(i.HAL_GPIO_WritePin)
    i.HAL_GetTick                            0x08001310   Section        0  stm32f1xx_hal.o(i.HAL_GetTick)
    i.HAL_I2C_Init                           0x0800131c   Section        0  stm32f1xx_hal_i2c.o(i.HAL_I2C_Init)
    i.HAL_I2C_MspInit                        0x080014a4   Section        0  i2c.o(i.HAL_I2C_MspInit)
    i.HAL_IncTick                            0x08001504   Section        0  stm32f1xx_hal.o(i.HAL_IncTick)
    i.HAL_Init                               0x08001514   Section        0  stm32f1xx_hal.o(i.HAL_Init)
    i.HAL_InitTick                           0x08001538   Section        0  stm32f1xx_hal.o(i.HAL_InitTick)
    i.HAL_MspInit                            0x08001578   Section        0  stm32f1xx_hal_msp.o(i.HAL_MspInit)
    i.HAL_NVIC_EnableIRQ                     0x080015b4   Section        0  stm32f1xx_hal_cortex.o(i.HAL_NVIC_EnableIRQ)
    i.HAL_NVIC_SetPriority                   0x080015d0   Section        0  stm32f1xx_hal_cortex.o(i.HAL_NVIC_SetPriority)
    i.HAL_NVIC_SetPriorityGrouping           0x08001610   Section        0  stm32f1xx_hal_cortex.o(i.HAL_NVIC_SetPriorityGrouping)
    i.HAL_RCCEx_GetPeriphCLKFreq             0x08001634   Section        0  stm32f1xx_hal_rcc_ex.o(i.HAL_RCCEx_GetPeriphCLKFreq)
    i.HAL_RCCEx_PeriphCLKConfig              0x08001708   Section        0  stm32f1xx_hal_rcc_ex.o(i.HAL_RCCEx_PeriphCLKConfig)
    i.HAL_RCC_ClockConfig                    0x080017f4   Section        0  stm32f1xx_hal_rcc.o(i.HAL_RCC_ClockConfig)
    i.HAL_RCC_GetPCLK1Freq                   0x08001920   Section        0  stm32f1xx_hal_rcc.o(i.HAL_RCC_GetPCLK1Freq)
    i.HAL_RCC_GetPCLK2Freq                   0x08001940   Section        0  stm32f1xx_hal_rcc.o(i.HAL_RCC_GetPCLK2Freq)
    i.HAL_RCC_GetSysClockFreq                0x08001960   Section        0  stm32f1xx_hal_rcc.o(i.HAL_RCC_GetSysClockFreq)
    i.HAL_RCC_OscConfig                      0x080019cc   Section        0  stm32f1xx_hal_rcc.o(i.HAL_RCC_OscConfig)
    i.HAL_SYSTICK_Config                     0x08001cec   Section        0  stm32f1xx_hal_cortex.o(i.HAL_SYSTICK_Config)
    i.HAL_TIMEx_BreakCallback                0x08001d14   Section        0  stm32f1xx_hal_tim_ex.o(i.HAL_TIMEx_BreakCallback)
    i.HAL_TIMEx_CommutCallback               0x08001d16   Section        0  stm32f1xx_hal_tim_ex.o(i.HAL_TIMEx_CommutCallback)
    i.HAL_TIMEx_MasterConfigSynchronization  0x08001d18   Section        0  stm32f1xx_hal_tim_ex.o(i.HAL_TIMEx_MasterConfigSynchronization)
    i.HAL_TIM_Base_Init                      0x08001d94   Section        0  stm32f1xx_hal_tim.o(i.HAL_TIM_Base_Init)
    i.HAL_TIM_Base_MspInit                   0x08001df0   Section        0  tim.o(i.HAL_TIM_Base_MspInit)
    i.HAL_TIM_Base_Start_IT                  0x08001e28   Section        0  stm32f1xx_hal_tim.o(i.HAL_TIM_Base_Start_IT)
    i.HAL_TIM_Base_Stop_IT                   0x08001e94   Section        0  stm32f1xx_hal_tim.o(i.HAL_TIM_Base_Stop_IT)
    i.HAL_TIM_ConfigClockSource              0x08001ec4   Section        0  stm32f1xx_hal_tim.o(i.HAL_TIM_ConfigClockSource)
    i.HAL_TIM_IC_CaptureCallback             0x08001f9a   Section        0  stm32f1xx_hal_tim.o(i.HAL_TIM_IC_CaptureCallback)
    i.HAL_TIM_IRQHandler                     0x08001f9c   Section        0  stm32f1xx_hal_tim.o(i.HAL_TIM_IRQHandler)
    i.HAL_TIM_OC_DelayElapsedCallback        0x08002102   Section        0  stm32f1xx_hal_tim.o(i.HAL_TIM_OC_DelayElapsedCallback)
    i.HAL_TIM_PWM_PulseFinishedCallback      0x08002104   Section        0  stm32f1xx_hal_tim.o(i.HAL_TIM_PWM_PulseFinishedCallback)
    i.HAL_TIM_PeriodElapsedCallback          0x08002108   Section        0  main.o(i.HAL_TIM_PeriodElapsedCallback)
    i.HAL_TIM_TriggerCallback                0x0800212c   Section        0  stm32f1xx_hal_tim.o(i.HAL_TIM_TriggerCallback)
    i.HAL_UARTEx_RxEventCallback             0x0800212e   Section        0  stm32f1xx_hal_uart.o(i.HAL_UARTEx_RxEventCallback)
    i.HAL_UART_ErrorCallback                 0x08002130   Section        0  stm32f1xx_hal_uart.o(i.HAL_UART_ErrorCallback)
    i.HAL_UART_IRQHandler                    0x08002134   Section        0  stm32f1xx_hal_uart.o(i.HAL_UART_IRQHandler)
    i.HAL_UART_Init                          0x08002340   Section        0  stm32f1xx_hal_uart.o(i.HAL_UART_Init)
    i.HAL_UART_MspInit                       0x080023a4   Section        0  usart.o(i.HAL_UART_MspInit)
    i.HAL_UART_Receive_IT                    0x080025c8   Section        0  stm32f1xx_hal_uart.o(i.HAL_UART_Receive_IT)
    i.HAL_UART_RxCpltCallback                0x080025f4   Section        0  main.o(i.HAL_UART_RxCpltCallback)
    i.HAL_UART_Transmit                      0x0800267c   Section        0  stm32f1xx_hal_uart.o(i.HAL_UART_Transmit)
    i.HAL_UART_TxCpltCallback                0x0800272e   Section        0  stm32f1xx_hal_uart.o(i.HAL_UART_TxCpltCallback)
    i.HardFault_Handler                      0x08002730   Section        0  stm32f1xx_it.o(i.HardFault_Handler)
    i.Hdmi_SendAtCmd                         0x08002734   Section        0  hdmi.o(i.Hdmi_SendAtCmd)
    i.MQ135_Task                             0x08002760   Section        0  mq135.o(i.MQ135_Task)
    i.MX_ADC1_Init                           0x08002808   Section        0  adc.o(i.MX_ADC1_Init)
    i.MX_ADC2_Init                           0x08002854   Section        0  adc.o(i.MX_ADC2_Init)
    i.MX_DMA_Init                            0x080028a4   Section        0  dma.o(i.MX_DMA_Init)
    i.MX_GPIO_Init                           0x080028d0   Section        0  gpio.o(i.MX_GPIO_Init)
    i.MX_I2C2_Init                           0x08002984   Section        0  i2c.o(i.MX_I2C2_Init)
    i.MX_TIM2_Init                           0x080029c4   Section        0  tim.o(i.MX_TIM2_Init)
    i.MX_UART4_Init                          0x08002a2c   Section        0  usart.o(i.MX_UART4_Init)
    i.MX_UART5_Init                          0x08002a64   Section        0  usart.o(i.MX_UART5_Init)
    i.MX_USART1_UART_Init                    0x08002a9c   Section        0  usart.o(i.MX_USART1_UART_Init)
    i.MX_USART2_UART_Init                    0x08002ad4   Section        0  usart.o(i.MX_USART2_UART_Init)
    i.MX_USART3_UART_Init                    0x08002b0c   Section        0  usart.o(i.MX_USART3_UART_Init)
    i.MemManage_Handler                      0x08002b44   Section        0  stm32f1xx_it.o(i.MemManage_Handler)
    i.NMI_Handler                            0x08002b46   Section        0  stm32f1xx_it.o(i.NMI_Handler)
    i.Openmv_Receive_Data                    0x08002b48   Section        0  openmv.o(i.Openmv_Receive_Data)
    i.PendSV_Handler                         0x08002c64   Section        0  stm32f1xx_it.o(i.PendSV_Handler)
    i.SVC_Handler                            0x08002c66   Section        0  stm32f1xx_it.o(i.SVC_Handler)
    i.SYN_FrameInfo                          0x08002c68   Section        0  syn6288.o(i.SYN_FrameInfo)
    i.SendEnd                                0x08002cec   Section        0  hdmi.o(i.SendEnd)
    i.Sim900A_SendAtCmd                      0x08002d24   Section        0  sim900.o(i.Sim900A_SendAtCmd)
    i.Sim900A_SendMsg2                       0x08002d50   Section        0  sim900.o(i.Sim900A_SendMsg2)
    i.SysTick_Handler                        0x08002e24   Section        0  stm32f1xx_it.o(i.SysTick_Handler)
    i.SystemClock_Config                     0x08002e28   Section        0  main.o(i.SystemClock_Config)
    i.SystemInit                             0x08002ea2   Section        0  system_stm32f1xx.o(i.SystemInit)
    i.TIM2_IRQHandler                        0x08002ea4   Section        0  stm32f1xx_it.o(i.TIM2_IRQHandler)
    i.TIM_Base_SetConfig                     0x08002eb0   Section        0  stm32f1xx_hal_tim.o(i.TIM_Base_SetConfig)
    i.TIM_ETR_SetConfig                      0x08002f3c   Section        0  stm32f1xx_hal_tim.o(i.TIM_ETR_SetConfig)
    i.TIM_ITRx_SetConfig                     0x08002f50   Section        0  stm32f1xx_hal_tim.o(i.TIM_ITRx_SetConfig)
    TIM_ITRx_SetConfig                       0x08002f51   Thumb Code    16  stm32f1xx_hal_tim.o(i.TIM_ITRx_SetConfig)
    i.TIM_TI1_ConfigInputStage               0x08002f60   Section        0  stm32f1xx_hal_tim.o(i.TIM_TI1_ConfigInputStage)
    TIM_TI1_ConfigInputStage                 0x08002f61   Thumb Code    34  stm32f1xx_hal_tim.o(i.TIM_TI1_ConfigInputStage)
    i.TIM_TI2_ConfigInputStage               0x08002f82   Section        0  stm32f1xx_hal_tim.o(i.TIM_TI2_ConfigInputStage)
    TIM_TI2_ConfigInputStage                 0x08002f83   Thumb Code    36  stm32f1xx_hal_tim.o(i.TIM_TI2_ConfigInputStage)
    i.UART4_IRQHandler                       0x08002fa8   Section        0  stm32f1xx_it.o(i.UART4_IRQHandler)
    i.UART5_IRQHandler                       0x08002fb4   Section        0  stm32f1xx_it.o(i.UART5_IRQHandler)
    i.UART_DMAAbortOnError                   0x08002fc0   Section        0  stm32f1xx_hal_uart.o(i.UART_DMAAbortOnError)
    UART_DMAAbortOnError                     0x08002fc1   Thumb Code    16  stm32f1xx_hal_uart.o(i.UART_DMAAbortOnError)
    i.UART_EndRxTransfer                     0x08002fd0   Section        0  stm32f1xx_hal_uart.o(i.UART_EndRxTransfer)
    UART_EndRxTransfer                       0x08002fd1   Thumb Code    48  stm32f1xx_hal_uart.o(i.UART_EndRxTransfer)
    i.UART_Receive_IT                        0x08003000   Section        0  stm32f1xx_hal_uart.o(i.UART_Receive_IT)
    UART_Receive_IT                          0x08003001   Thumb Code   182  stm32f1xx_hal_uart.o(i.UART_Receive_IT)
    i.UART_SetConfig                         0x080030b8   Section        0  stm32f1xx_hal_uart.o(i.UART_SetConfig)
    UART_SetConfig                           0x080030b9   Thumb Code   178  stm32f1xx_hal_uart.o(i.UART_SetConfig)
    i.UART_Start_Receive_IT                  0x08003170   Section        0  stm32f1xx_hal_uart.o(i.UART_Start_Receive_IT)
    i.UART_WaitOnFlagUntilTimeout            0x080031a6   Section        0  stm32f1xx_hal_uart.o(i.UART_WaitOnFlagUntilTimeout)
    UART_WaitOnFlagUntilTimeout              0x080031a7   Thumb Code   100  stm32f1xx_hal_uart.o(i.UART_WaitOnFlagUntilTimeout)
    i.USART1_IRQHandler                      0x0800320c   Section        0  stm32f1xx_it.o(i.USART1_IRQHandler)
    i.USART2_IRQHandler                      0x08003218   Section        0  stm32f1xx_it.o(i.USART2_IRQHandler)
    i.USART3_IRQHandler                      0x08003224   Section        0  stm32f1xx_it.o(i.USART3_IRQHandler)
    i.UsageFault_Handler                     0x08003230   Section        0  stm32f1xx_it.o(i.UsageFault_Handler)
    i.__ARM_fpclassify                       0x08003232   Section        0  fpclassify.o(i.__ARM_fpclassify)
    i.__NVIC_SetPriority                     0x0800325a   Section        0  stm32f1xx_hal_cortex.o(i.__NVIC_SetPriority)
    __NVIC_SetPriority                       0x0800325b   Thumb Code    32  stm32f1xx_hal_cortex.o(i.__NVIC_SetPriority)
    i.__kernel_poly                          0x0800327a   Section        0  poly.o(i.__kernel_poly)
    i.__mathlib_dbl_divzero                  0x08003324   Section        0  dunder.o(i.__mathlib_dbl_divzero)
    i.__mathlib_dbl_infnan2                  0x08003334   Section        0  dunder.o(i.__mathlib_dbl_infnan2)
    i.__mathlib_dbl_invalid                  0x08003338   Section        0  dunder.o(i.__mathlib_dbl_invalid)
    i.__mathlib_dbl_overflow                 0x08003344   Section        0  dunder.o(i.__mathlib_dbl_overflow)
    i.__mathlib_dbl_underflow                0x08003354   Section        0  dunder.o(i.__mathlib_dbl_underflow)
    i._sys_exit                              0x08003364   Section        0  usart.o(i._sys_exit)
    i.fputc                                  0x08003368   Section        0  usart.o(i.fputc)
    i.main                                   0x08003380   Section        0  main.o(i.main)
    i.pow                                    0x08003598   Section        0  pow.o(i.pow)
    i.sqrt                                   0x08003f50   Section        0  sqrt.o(i.sqrt)
    x$fpl$d2f                                0x08003f9c   Section       98  d2f.o(x$fpl$d2f)
    x$fpl$dadd                               0x08004000   Section      336  daddsub_clz.o(x$fpl$dadd)
    _dadd1                                   0x08004011   Thumb Code     0  daddsub_clz.o(x$fpl$dadd)
    x$fpl$dcheck1                            0x08004150   Section       16  dcheck1.o(x$fpl$dcheck1)
    x$fpl$dcmpinf                            0x08004160   Section       24  dcmpi.o(x$fpl$dcmpinf)
    x$fpl$ddiv                               0x08004178   Section      688  ddiv.o(x$fpl$ddiv)
    ddiv_entry                               0x0800417f   Thumb Code     0  ddiv.o(x$fpl$ddiv)
    x$fpl$dflt                               0x08004428   Section       46  dflt_clz.o(x$fpl$dflt)
    x$fpl$dleqf                              0x08004458   Section      120  dleqf.o(x$fpl$dleqf)
    x$fpl$dmul                               0x080044d0   Section      340  dmul.o(x$fpl$dmul)
    x$fpl$dnaninf                            0x08004624   Section      156  dnaninf.o(x$fpl$dnaninf)
    x$fpl$dretinf                            0x080046c0   Section       12  dretinf.o(x$fpl$dretinf)
    x$fpl$drleqf                             0x080046cc   Section      108  drleqf.o(x$fpl$drleqf)
    x$fpl$drsb                               0x08004738   Section       22  daddsub_clz.o(x$fpl$drsb)
    x$fpl$dsqrt                              0x08004750   Section      460  dsqrt_noumaal.o(x$fpl$dsqrt)
    x$fpl$dsub                               0x0800491c   Section      468  daddsub_clz.o(x$fpl$dsub)
    _dsub1                                   0x0800492d   Thumb Code     0  daddsub_clz.o(x$fpl$dsub)
    x$fpl$f2d                                0x08004af0   Section       86  f2d.o(x$fpl$f2d)
    x$fpl$fadd                               0x08004b48   Section      196  faddsub_clz.o(x$fpl$fadd)
    _fadd1                                   0x08004b57   Thumb Code     0  faddsub_clz.o(x$fpl$fadd)
    x$fpl$ffix                               0x08004c0c   Section       54  ffix.o(x$fpl$ffix)
    x$fpl$fflt                               0x08004c44   Section       48  fflt_clz.o(x$fpl$fflt)
    x$fpl$fmul                               0x08004c74   Section      258  fmul.o(x$fpl$fmul)
    x$fpl$fnaninf                            0x08004d76   Section      140  fnaninf.o(x$fpl$fnaninf)
    x$fpl$fretinf                            0x08004e02   Section       10  fretinf.o(x$fpl$fretinf)
    x$fpl$fsub                               0x08004e0c   Section      234  faddsub_clz.o(x$fpl$fsub)
    _fsub1                                   0x08004e1b   Thumb Code     0  faddsub_clz.o(x$fpl$fsub)
    x$fpl$retnan                             0x08004ef6   Section      100  retnan.o(x$fpl$retnan)
    x$fpl$scalbn                             0x08004f5a   Section       92  scalbn.o(x$fpl$scalbn)
    x$fpl$trapveneer                         0x08004fb6   Section       48  trapv.o(x$fpl$trapveneer)
    .constdata                               0x08004fe6   Section       16  system_stm32f1xx.o(.constdata)
    x$fpl$usenofp                            0x08004fe6   Section        0  usenofp.o(x$fpl$usenofp)
    .constdata                               0x08004ff6   Section        8  system_stm32f1xx.o(.constdata)
    .constdata                               0x08005000   Section      136  pow.o(.constdata)
    bp                                       0x08005000   Data          16  pow.o(.constdata)
    dp_h                                     0x08005010   Data          16  pow.o(.constdata)
    dp_l                                     0x08005020   Data          16  pow.o(.constdata)
    L                                        0x08005030   Data          48  pow.o(.constdata)
    P                                        0x08005060   Data          40  pow.o(.constdata)
    .constdata                               0x08005088   Section        8  qnan.o(.constdata)
    .data                                    0x20000000   Section      232  main.o(.data)
    .data                                    0x200000e8   Section        4  usart.o(.data)
    .data                                    0x200000ec   Section       12  stm32f1xx_hal.o(.data)
    .data                                    0x200000f8   Section        4  system_stm32f1xx.o(.data)
    .data                                    0x200000fc   Section       13  openmv.o(.data)
    Cx                                       0x200000fc   Data           1  openmv.o(.data)
    Cy                                       0x200000fd   Data           1  openmv.o(.data)
    Cw                                       0x200000fe   Data           1  openmv.o(.data)
    Ch                                       0x200000ff   Data           1  openmv.o(.data)
    RxCounter1                               0x20000102   Data           1  openmv.o(.data)
    RxState                                  0x20000103   Data           1  openmv.o(.data)
    .data                                    0x20000109   Section        1  sim900.o(.data)
    .data                                    0x2000010a   Section        1  hdmi.o(.data)
    .bss                                     0x2000010c   Section       20  main.o(.bss)
    .bss                                     0x20000120   Section      164  adc.o(.bss)
    .bss                                     0x200001c4   Section       84  i2c.o(.bss)
    .bss                                     0x20000218   Section       72  tim.o(.bss)
    .bss                                     0x20000260   Section      340  usart.o(.bss)
    .bss                                     0x200003b4   Section       20  openmv.o(.bss)
    RxBuffer1                                0x200003b4   Data          20  openmv.o(.bss)
    .bss                                     0x200003c8   Section      112  sim900.o(.bss)
    .bss                                     0x20000438   Section       96  libspace.o(.bss)
    HEAP                                     0x20000498   Section      512  startup_stm32f103xe.o(HEAP)
    Heap_Mem                                 0x20000498   Data         512  startup_stm32f103xe.o(HEAP)
    STACK                                    0x20000698   Section     1024  startup_stm32f103xe.o(STACK)
    Stack_Mem                                0x20000698   Data        1024  startup_stm32f103xe.o(STACK)
    __initial_sp                             0x20000a98   Data           0  startup_stm32f103xe.o(STACK)

    Global Symbols

    Symbol Name                              Value     Ov Type        Size  Object(Section)

    BuildAttributes$$THM_ISAv4$P$D$K$B$S$PE$A:L22UL41UL21$X:L11$S22US41US21$IEEE1$IW$USESV6$~STKCKD$USESV7$~SHL$OTIME$ROPI$IEEEX$EBA8$UX$STANDARDLIB$REQ8$PRES8$EABIv2 0x00000000   Number         0  anon$$obj.o ABSOLUTE
    __ARM_use_no_argv                        0x00000000   Number         0  main.o ABSOLUTE
    __ARM_exceptions_init                     - Undefined Weak Reference
    __alloca_initialize                       - Undefined Weak Reference
    __arm_preinit_                            - Undefined Weak Reference
    __cpp_initialize__aeabi_                  - Undefined Weak Reference
    __cxa_finalize                            - Undefined Weak Reference
    __rt_locale                               - Undefined Weak Reference
    __sigvec_lookup                           - Undefined Weak Reference
    _atexit_init                              - Undefined Weak Reference
    _call_atexit_fns                          - Undefined Weak Reference
    _clock_init                               - Undefined Weak Reference
    _fp_trap_init                             - Undefined Weak Reference
    _fp_trap_shutdown                         - Undefined Weak Reference
    _get_lc_collate                           - Undefined Weak Reference
    _get_lc_ctype                             - Undefined Weak Reference
    _get_lc_monetary                          - Undefined Weak Reference
    _get_lc_numeric                           - Undefined Weak Reference
    _get_lc_time                              - Undefined Weak Reference
    _getenv_init                              - Undefined Weak Reference
    _handle_redirection                       - Undefined Weak Reference
    _init_alloc                               - Undefined Weak Reference
    _init_user_alloc                          - Undefined Weak Reference
    _initio                                   - Undefined Weak Reference
    _mutex_acquire                            - Undefined Weak Reference
    _mutex_release                            - Undefined Weak Reference
    _printf_mbtowc                            - Undefined Weak Reference
    _printf_post_padding                      - Undefined Weak Reference
    _printf_pre_padding                       - Undefined Weak Reference
    _printf_truncate_signed                   - Undefined Weak Reference
    _printf_truncate_unsigned                 - Undefined Weak Reference
    _rand_init                                - Undefined Weak Reference
    _signal_finish                            - Undefined Weak Reference
    _signal_init                              - Undefined Weak Reference
    _terminate_alloc                          - Undefined Weak Reference
    _terminate_user_alloc                     - Undefined Weak Reference
    _terminateio                              - Undefined Weak Reference
    __Vectors_Size                           0x00000130   Number         0  startup_stm32f103xe.o ABSOLUTE
    __Vectors                                0x08000000   Data           4  startup_stm32f103xe.o(RESET)
    __Vectors_End                            0x08000130   Data           0  startup_stm32f103xe.o(RESET)
    __main                                   0x08000131   Thumb Code     8  __main.o(!!!main)
    __scatterload                            0x08000139   Thumb Code     0  __scatter.o(!!!scatter)
    __scatterload_rt2                        0x08000139   Thumb Code    44  __scatter.o(!!!scatter)
    __scatterload_rt2_thumb_only             0x08000139   Thumb Code     0  __scatter.o(!!!scatter)
    __scatterload_null                       0x08000147   Thumb Code     0  __scatter.o(!!!scatter)
    __scatterload_copy                       0x0800016d   Thumb Code    26  __scatter_copy.o(!!handler_copy)
    __scatterload_zeroinit                   0x08000189   Thumb Code    28  __scatter_zi.o(!!handler_zi)
    _printf_d                                0x080001a5   Thumb Code     0  _printf_d.o(.ARM.Collect$$_printf_percent$$00000009)
    _printf_percent                          0x080001a5   Thumb Code     0  _printf_percent.o(.ARM.Collect$$_printf_percent$$00000000)
    _printf_s                                0x080001ab   Thumb Code     0  _printf_s.o(.ARM.Collect$$_printf_percent$$00000014)
    _printf_percent_end                      0x080001b1   Thumb Code     0  _printf_percent_end.o(.ARM.Collect$$_printf_percent$$00000017)
    __rt_lib_init                            0x080001b5   Thumb Code     0  libinit.o(.ARM.Collect$$libinit$$00000000)
    __rt_lib_init_alloca_1                   0x080001b7   Thumb Code     0  libinit2.o(.ARM.Collect$$libinit$$0000002E)
    __rt_lib_init_argv_1                     0x080001b7   Thumb Code     0  libinit2.o(.ARM.Collect$$libinit$$0000002C)
    __rt_lib_init_atexit_1                   0x080001b7   Thumb Code     0  libinit2.o(.ARM.Collect$$libinit$$0000001B)
    __rt_lib_init_clock_1                    0x080001b7   Thumb Code     0  libinit2.o(.ARM.Collect$$libinit$$00000021)
    __rt_lib_init_cpp_1                      0x080001b7   Thumb Code     0  libinit2.o(.ARM.Collect$$libinit$$00000032)
    __rt_lib_init_exceptions_1               0x080001b7   Thumb Code     0  libinit2.o(.ARM.Collect$$libinit$$00000030)
    __rt_lib_init_fp_1                       0x080001b7   Thumb Code     0  libinit2.o(.ARM.Collect$$libinit$$00000002)
    __rt_lib_init_fp_trap_1                  0x080001b7   Thumb Code     0  libinit2.o(.ARM.Collect$$libinit$$0000001F)
    __rt_lib_init_getenv_1                   0x080001b7   Thumb Code     0  libinit2.o(.ARM.Collect$$libinit$$00000023)
    __rt_lib_init_heap_1                     0x080001b7   Thumb Code     0  libinit2.o(.ARM.Collect$$libinit$$0000000A)
    __rt_lib_init_lc_collate_1               0x080001b7   Thumb Code     0  libinit2.o(.ARM.Collect$$libinit$$00000011)
    __rt_lib_init_lc_ctype_1                 0x080001b7   Thumb Code     0  libinit2.o(.ARM.Collect$$libinit$$00000013)
    __rt_lib_init_lc_monetary_1              0x080001b7   Thumb Code     0  libinit2.o(.ARM.Collect$$libinit$$00000015)
    __rt_lib_init_lc_numeric_1               0x080001b7   Thumb Code     0  libinit2.o(.ARM.Collect$$libinit$$00000017)
    __rt_lib_init_lc_time_1                  0x080001b7   Thumb Code     0  libinit2.o(.ARM.Collect$$libinit$$00000019)
    __rt_lib_init_preinit_1                  0x080001b7   Thumb Code     0  libinit2.o(.ARM.Collect$$libinit$$00000004)
    __rt_lib_init_rand_1                     0x080001b7   Thumb Code     0  libinit2.o(.ARM.Collect$$libinit$$0000000E)
    __rt_lib_init_return                     0x080001b7   Thumb Code     0  libinit2.o(.ARM.Collect$$libinit$$00000033)
    __rt_lib_init_signal_1                   0x080001b7   Thumb Code     0  libinit2.o(.ARM.Collect$$libinit$$0000001D)
    __rt_lib_init_stdio_1                    0x080001b7   Thumb Code     0  libinit2.o(.ARM.Collect$$libinit$$00000025)
    __rt_lib_init_user_alloc_1               0x080001b7   Thumb Code     0  libinit2.o(.ARM.Collect$$libinit$$0000000C)
    __rt_lib_shutdown                        0x080001b9   Thumb Code     0  libshutdown.o(.ARM.Collect$$libshutdown$$00000000)
    __rt_lib_shutdown_fp_trap_1              0x080001bb   Thumb Code     0  libshutdown2.o(.ARM.Collect$$libshutdown$$00000006)
    __rt_lib_shutdown_heap_1                 0x080001bb   Thumb Code     0  libshutdown2.o(.ARM.Collect$$libshutdown$$0000000E)
    __rt_lib_shutdown_return                 0x080001bb   Thumb Code     0  libshutdown2.o(.ARM.Collect$$libshutdown$$0000000F)
    __rt_lib_shutdown_signal_1               0x080001bb   Thumb Code     0  libshutdown2.o(.ARM.Collect$$libshutdown$$00000009)
    __rt_lib_shutdown_stdio_1                0x080001bb   Thumb Code     0  libshutdown2.o(.ARM.Collect$$libshutdown$$00000003)
    __rt_lib_shutdown_user_alloc_1           0x080001bb   Thumb Code     0  libshutdown2.o(.ARM.Collect$$libshutdown$$0000000B)
    __rt_entry                               0x080001bd   Thumb Code     0  __rtentry.o(.ARM.Collect$$rtentry$$00000000)
    __rt_entry_presh_1                       0x080001bd   Thumb Code     0  __rtentry2.o(.ARM.Collect$$rtentry$$00000002)
    __rt_entry_sh                            0x080001bd   Thumb Code     0  __rtentry4.o(.ARM.Collect$$rtentry$$00000004)
    __rt_entry_li                            0x080001c3   Thumb Code     0  __rtentry2.o(.ARM.Collect$$rtentry$$0000000A)
    __rt_entry_postsh_1                      0x080001c3   Thumb Code     0  __rtentry2.o(.ARM.Collect$$rtentry$$00000009)
    __rt_entry_main                          0x080001c7   Thumb Code     0  __rtentry2.o(.ARM.Collect$$rtentry$$0000000D)
    __rt_entry_postli_1                      0x080001c7   Thumb Code     0  __rtentry2.o(.ARM.Collect$$rtentry$$0000000C)
    __rt_exit                                0x080001cf   Thumb Code     0  rtexit.o(.ARM.Collect$$rtexit$$00000000)
    __rt_exit_ls                             0x080001d1   Thumb Code     0  rtexit2.o(.ARM.Collect$$rtexit$$00000003)
    __rt_exit_prels_1                        0x080001d1   Thumb Code     0  rtexit2.o(.ARM.Collect$$rtexit$$00000002)
    __rt_exit_exit                           0x080001d5   Thumb Code     0  rtexit2.o(.ARM.Collect$$rtexit$$00000004)
    Reset_Handler                            0x080001dd   Thumb Code     8  startup_stm32f103xe.o(.text)
    ADC1_2_IRQHandler                        0x080001f7   Thumb Code     0  startup_stm32f103xe.o(.text)
    ADC3_IRQHandler                          0x080001f7   Thumb Code     0  startup_stm32f103xe.o(.text)
    CAN1_RX1_IRQHandler                      0x080001f7   Thumb Code     0  startup_stm32f103xe.o(.text)
    CAN1_SCE_IRQHandler                      0x080001f7   Thumb Code     0  startup_stm32f103xe.o(.text)
    DMA1_Channel2_IRQHandler                 0x080001f7   Thumb Code     0  startup_stm32f103xe.o(.text)
    DMA1_Channel3_IRQHandler                 0x080001f7   Thumb Code     0  startup_stm32f103xe.o(.text)
    DMA1_Channel4_IRQHandler                 0x080001f7   Thumb Code     0  startup_stm32f103xe.o(.text)
    DMA1_Channel5_IRQHandler                 0x080001f7   Thumb Code     0  startup_stm32f103xe.o(.text)
    DMA1_Channel6_IRQHandler                 0x080001f7   Thumb Code     0  startup_stm32f103xe.o(.text)
    DMA1_Channel7_IRQHandler                 0x080001f7   Thumb Code     0  startup_stm32f103xe.o(.text)
    DMA2_Channel1_IRQHandler                 0x080001f7   Thumb Code     0  startup_stm32f103xe.o(.text)
    DMA2_Channel2_IRQHandler                 0x080001f7   Thumb Code     0  startup_stm32f103xe.o(.text)
    DMA2_Channel3_IRQHandler                 0x080001f7   Thumb Code     0  startup_stm32f103xe.o(.text)
    DMA2_Channel4_5_IRQHandler               0x080001f7   Thumb Code     0  startup_stm32f103xe.o(.text)
    EXTI0_IRQHandler                         0x080001f7   Thumb Code     0  startup_stm32f103xe.o(.text)
    EXTI15_10_IRQHandler                     0x080001f7   Thumb Code     0  startup_stm32f103xe.o(.text)
    EXTI1_IRQHandler                         0x080001f7   Thumb Code     0  startup_stm32f103xe.o(.text)
    EXTI2_IRQHandler                         0x080001f7   Thumb Code     0  startup_stm32f103xe.o(.text)
    EXTI3_IRQHandler                         0x080001f7   Thumb Code     0  startup_stm32f103xe.o(.text)
    EXTI9_5_IRQHandler                       0x080001f7   Thumb Code     0  startup_stm32f103xe.o(.text)
    FLASH_IRQHandler                         0x080001f7   Thumb Code     0  startup_stm32f103xe.o(.text)
    FSMC_IRQHandler                          0x080001f7   Thumb Code     0  startup_stm32f103xe.o(.text)
    I2C1_ER_IRQHandler                       0x080001f7   Thumb Code     0  startup_stm32f103xe.o(.text)
    I2C1_EV_IRQHandler                       0x080001f7   Thumb Code     0  startup_stm32f103xe.o(.text)
    I2C2_ER_IRQHandler                       0x080001f7   Thumb Code     0  startup_stm32f103xe.o(.text)
    I2C2_EV_IRQHandler                       0x080001f7   Thumb Code     0  startup_stm32f103xe.o(.text)
    PVD_IRQHandler                           0x080001f7   Thumb Code     0  startup_stm32f103xe.o(.text)
    RCC_IRQHandler                           0x080001f7   Thumb Code     0  startup_stm32f103xe.o(.text)
    RTC_Alarm_IRQHandler                     0x080001f7   Thumb Code     0  startup_stm32f103xe.o(.text)
    RTC_IRQHandler                           0x080001f7   Thumb Code     0  startup_stm32f103xe.o(.text)
    SDIO_IRQHandler                          0x080001f7   Thumb Code     0  startup_stm32f103xe.o(.text)
    SPI1_IRQHandler                          0x080001f7   Thumb Code     0  startup_stm32f103xe.o(.text)
    SPI2_IRQHandler                          0x080001f7   Thumb Code     0  startup_stm32f103xe.o(.text)
    SPI3_IRQHandler                          0x080001f7   Thumb Code     0  startup_stm32f103xe.o(.text)
    TAMPER_IRQHandler                        0x080001f7   Thumb Code     0  startup_stm32f103xe.o(.text)
    TIM1_BRK_IRQHandler                      0x080001f7   Thumb Code     0  startup_stm32f103xe.o(.text)
    TIM1_CC_IRQHandler                       0x080001f7   Thumb Code     0  startup_stm32f103xe.o(.text)
    TIM1_TRG_COM_IRQHandler                  0x080001f7   Thumb Code     0  startup_stm32f103xe.o(.text)
    TIM1_UP_IRQHandler                       0x080001f7   Thumb Code     0  startup_stm32f103xe.o(.text)
    TIM3_IRQHandler                          0x080001f7   Thumb Code     0  startup_stm32f103xe.o(.text)
    TIM4_IRQHandler                          0x080001f7   Thumb Code     0  startup_stm32f103xe.o(.text)
    TIM5_IRQHandler                          0x080001f7   Thumb Code     0  startup_stm32f103xe.o(.text)
    TIM6_IRQHandler                          0x080001f7   Thumb Code     0  startup_stm32f103xe.o(.text)
    TIM7_IRQHandler                          0x080001f7   Thumb Code     0  startup_stm32f103xe.o(.text)
    TIM8_BRK_IRQHandler                      0x080001f7   Thumb Code     0  startup_stm32f103xe.o(.text)
    TIM8_CC_IRQHandler                       0x080001f7   Thumb Code     0  startup_stm32f103xe.o(.text)
    TIM8_TRG_COM_IRQHandler                  0x080001f7   Thumb Code     0  startup_stm32f103xe.o(.text)
    TIM8_UP_IRQHandler                       0x080001f7   Thumb Code     0  startup_stm32f103xe.o(.text)
    USBWakeUp_IRQHandler                     0x080001f7   Thumb Code     0  startup_stm32f103xe.o(.text)
    USB_HP_CAN1_TX_IRQHandler                0x080001f7   Thumb Code     0  startup_stm32f103xe.o(.text)
    USB_LP_CAN1_RX0_IRQHandler               0x080001f7   Thumb Code     0  startup_stm32f103xe.o(.text)
    WWDG_IRQHandler                          0x080001f7   Thumb Code     0  startup_stm32f103xe.o(.text)
    __user_initial_stackheap                 0x080001f9   Thumb Code     0  startup_stm32f103xe.o(.text)
    __use_no_semihosting                     0x0800021d   Thumb Code     2  use_no_semi_2.o(.text)
    __2printf                                0x08000221   Thumb Code    20  noretval__2printf.o(.text)
    __2sprintf                               0x08000239   Thumb Code    34  noretval__2sprintf.o(.text)
    __printf                                 0x08000261   Thumb Code   104  __printf.o(.text)
    _printf_str                              0x080002c9   Thumb Code    82  _printf_str.o(.text)
    _printf_int_dec                          0x0800031d   Thumb Code   104  _printf_dec.o(.text)
    strlen                                   0x08000395   Thumb Code    62  strlen.o(.text)
    __aeabi_memclr                           0x080003d3   Thumb Code     0  rt_memclr.o(.text)
    __rt_memclr                              0x080003d3   Thumb Code    68  rt_memclr.o(.text)
    _memset                                  0x080003d7   Thumb Code     0  rt_memclr.o(.text)
    __aeabi_memclr4                          0x08000417   Thumb Code     0  rt_memclr_w.o(.text)
    __aeabi_memclr8                          0x08000417   Thumb Code     0  rt_memclr_w.o(.text)
    __rt_memclr_w                            0x08000417   Thumb Code    78  rt_memclr_w.o(.text)
    _memset_w                                0x0800041b   Thumb Code     0  rt_memclr_w.o(.text)
    __use_two_region_memory                  0x08000465   Thumb Code     2  heapauxi.o(.text)
    __rt_heap_escrow$2region                 0x08000467   Thumb Code     2  heapauxi.o(.text)
    __rt_heap_expand$2region                 0x08000469   Thumb Code     2  heapauxi.o(.text)
    __I$use$semihosting                      0x0800046b   Thumb Code     0  use_no_semi.o(.text)
    __use_no_semihosting_swi                 0x0800046b   Thumb Code     2  use_no_semi.o(.text)
    __read_errno                             0x0800046d   Thumb Code    10  _rserrno.o(.text)
    __set_errno                              0x08000477   Thumb Code    12  _rserrno.o(.text)
    _printf_int_common                       0x08000483   Thumb Code   178  _printf_intcommon.o(.text)
    _printf_char_common                      0x0800053f   Thumb Code    32  _printf_char_common.o(.text)
    _sputc                                   0x08000565   Thumb Code    10  _sputc.o(.text)
    _printf_cs_common                        0x0800056f   Thumb Code    20  _printf_char.o(.text)
    _printf_char                             0x08000583   Thumb Code    16  _printf_char.o(.text)
    _printf_string                           0x08000593   Thumb Code     8  _printf_char.o(.text)
    _printf_char_file                        0x0800059d   Thumb Code    32  _printf_char_file.o(.text)
    __aeabi_errno_addr                       0x080005c1   Thumb Code     8  rt_errno_addr_intlibspace.o(.text)
    __errno$intlibspace                      0x080005c1   Thumb Code     0  rt_errno_addr_intlibspace.o(.text)
    __rt_errno_addr$intlibspace              0x080005c1   Thumb Code     0  rt_errno_addr_intlibspace.o(.text)
    ferror                                   0x080005c9   Thumb Code     8  ferror.o(.text)
    __user_libspace                          0x080005d1   Thumb Code     8  libspace.o(.text)
    __user_perproc_libspace                  0x080005d1   Thumb Code     0  libspace.o(.text)
    __user_perthread_libspace                0x080005d1   Thumb Code     0  libspace.o(.text)
    __user_setup_stackheap                   0x080005d9   Thumb Code    74  sys_stackheap_outer.o(.text)
    exit                                     0x08000623   Thumb Code    12  exit.o(.text)
    ADC_ConversionStop_Disable               0x08000631   Thumb Code    86  stm32f1xx_hal_adc.o(i.ADC_ConversionStop_Disable)
    ADC_Enable                               0x08000689   Thumb Code   114  stm32f1xx_hal_adc.o(i.ADC_Enable)
    ASCII_TO_Unicode                         0x08000705   Thumb Code    64  sim900.o(i.ASCII_TO_Unicode)
    BusFault_Handler                         0x08000745   Thumb Code     2  stm32f1xx_it.o(i.BusFault_Handler)
    DMA1_Channel1_IRQHandler                 0x08000749   Thumb Code     6  stm32f1xx_it.o(i.DMA1_Channel1_IRQHandler)
    DebugMon_Handler                         0x08000755   Thumb Code     2  stm32f1xx_it.o(i.DebugMon_Handler)
    EXTI4_IRQHandler                         0x08000757   Thumb Code     6  stm32f1xx_it.o(i.EXTI4_IRQHandler)
    Error_Handler                            0x0800075d   Thumb Code     4  main.o(i.Error_Handler)
    HAL_ADC_ConfigChannel                    0x08000761   Thumb Code   240  stm32f1xx_hal_adc.o(i.HAL_ADC_ConfigChannel)
    HAL_ADC_GetState                         0x0800085d   Thumb Code     4  stm32f1xx_hal_adc.o(i.HAL_ADC_GetState)
    HAL_ADC_GetValue                         0x08000861   Thumb Code     6  stm32f1xx_hal_adc.o(i.HAL_ADC_GetValue)
    HAL_ADC_Init                             0x08000869   Thumb Code   276  stm32f1xx_hal_adc.o(i.HAL_ADC_Init)
    HAL_ADC_MspInit                          0x0800098d   Thumb Code   176  adc.o(i.HAL_ADC_MspInit)
    HAL_ADC_PollForConversion                0x08000a55   Thumb Code   304  stm32f1xx_hal_adc.o(i.HAL_ADC_PollForConversion)
    HAL_ADC_Start                            0x08000b91   Thumb Code   184  stm32f1xx_hal_adc.o(i.HAL_ADC_Start)
    HAL_DMA_Abort                            0x08000c51   Thumb Code    70  stm32f1xx_hal_dma.o(i.HAL_DMA_Abort)
    HAL_DMA_Abort_IT                         0x08000c99   Thumb Code   296  stm32f1xx_hal_dma.o(i.HAL_DMA_Abort_IT)
    HAL_DMA_IRQHandler                       0x08000dc9   Thumb Code   552  stm32f1xx_hal_dma.o(i.HAL_DMA_IRQHandler)
    HAL_DMA_Init                             0x08001011   Thumb Code   112  stm32f1xx_hal_dma.o(i.HAL_DMA_Init)
    HAL_Delay                                0x0800108d   Thumb Code    32  stm32f1xx_hal.o(i.HAL_Delay)
    HAL_GPIO_EXTI_Callback                   0x080010b1   Thumb Code    42  main.o(i.HAL_GPIO_EXTI_Callback)
    HAL_GPIO_EXTI_IRQHandler                 0x080010e5   Thumb Code    18  stm32f1xx_hal_gpio.o(i.HAL_GPIO_EXTI_IRQHandler)
    HAL_GPIO_Init                            0x080010fd   Thumb Code   462  stm32f1xx_hal_gpio.o(i.HAL_GPIO_Init)
    HAL_GPIO_TogglePin                       0x080012f5   Thumb Code    16  stm32f1xx_hal_gpio.o(i.HAL_GPIO_TogglePin)
    HAL_GPIO_WritePin                        0x08001305   Thumb Code    10  stm32f1xx_hal_gpio.o(i.HAL_GPIO_WritePin)
    HAL_GetTick                              0x08001311   Thumb Code     6  stm32f1xx_hal.o(i.HAL_GetTick)
    HAL_I2C_Init                             0x0800131d   Thumb Code   376  stm32f1xx_hal_i2c.o(i.HAL_I2C_Init)
    HAL_I2C_MspInit                          0x080014a5   Thumb Code    82  i2c.o(i.HAL_I2C_MspInit)
    HAL_IncTick                              0x08001505   Thumb Code    12  stm32f1xx_hal.o(i.HAL_IncTick)
    HAL_Init                                 0x08001515   Thumb Code    32  stm32f1xx_hal.o(i.HAL_Init)
    HAL_InitTick                             0x08001539   Thumb Code    54  stm32f1xx_hal.o(i.HAL_InitTick)
    HAL_MspInit                              0x08001579   Thumb Code    52  stm32f1xx_hal_msp.o(i.HAL_MspInit)
    HAL_NVIC_EnableIRQ                       0x080015b5   Thumb Code    26  stm32f1xx_hal_cortex.o(i.HAL_NVIC_EnableIRQ)
    HAL_NVIC_SetPriority                     0x080015d1   Thumb Code    60  stm32f1xx_hal_cortex.o(i.HAL_NVIC_SetPriority)
    HAL_NVIC_SetPriorityGrouping             0x08001611   Thumb Code    26  stm32f1xx_hal_cortex.o(i.HAL_NVIC_SetPriorityGrouping)
    HAL_RCCEx_GetPeriphCLKFreq               0x08001635   Thumb Code   180  stm32f1xx_hal_rcc_ex.o(i.HAL_RCCEx_GetPeriphCLKFreq)
    HAL_RCCEx_PeriphCLKConfig                0x08001709   Thumb Code   224  stm32f1xx_hal_rcc_ex.o(i.HAL_RCCEx_PeriphCLKConfig)
    HAL_RCC_ClockConfig                      0x080017f5   Thumb Code   280  stm32f1xx_hal_rcc.o(i.HAL_RCC_ClockConfig)
    HAL_RCC_GetPCLK1Freq                     0x08001921   Thumb Code    20  stm32f1xx_hal_rcc.o(i.HAL_RCC_GetPCLK1Freq)
    HAL_RCC_GetPCLK2Freq                     0x08001941   Thumb Code    20  stm32f1xx_hal_rcc.o(i.HAL_RCC_GetPCLK2Freq)
    HAL_RCC_GetSysClockFreq                  0x08001961   Thumb Code    74  stm32f1xx_hal_rcc.o(i.HAL_RCC_GetSysClockFreq)
    HAL_RCC_OscConfig                        0x080019cd   Thumb Code   778  stm32f1xx_hal_rcc.o(i.HAL_RCC_OscConfig)
    HAL_SYSTICK_Config                       0x08001ced   Thumb Code    40  stm32f1xx_hal_cortex.o(i.HAL_SYSTICK_Config)
    HAL_TIMEx_BreakCallback                  0x08001d15   Thumb Code     2  stm32f1xx_hal_tim_ex.o(i.HAL_TIMEx_BreakCallback)
    HAL_TIMEx_CommutCallback                 0x08001d17   Thumb Code     2  stm32f1xx_hal_tim_ex.o(i.HAL_TIMEx_CommutCallback)
    HAL_TIMEx_MasterConfigSynchronization    0x08001d19   Thumb Code   104  stm32f1xx_hal_tim_ex.o(i.HAL_TIMEx_MasterConfigSynchronization)
    HAL_TIM_Base_Init                        0x08001d95   Thumb Code    90  stm32f1xx_hal_tim.o(i.HAL_TIM_Base_Init)
    HAL_TIM_Base_MspInit                     0x08001df1   Thumb Code    50  tim.o(i.HAL_TIM_Base_MspInit)
    HAL_TIM_Base_Start_IT                    0x08001e29   Thumb Code    88  stm32f1xx_hal_tim.o(i.HAL_TIM_Base_Start_IT)
    HAL_TIM_Base_Stop_IT                     0x08001e95   Thumb Code    48  stm32f1xx_hal_tim.o(i.HAL_TIM_Base_Stop_IT)
    HAL_TIM_ConfigClockSource                0x08001ec5   Thumb Code   214  stm32f1xx_hal_tim.o(i.HAL_TIM_ConfigClockSource)
    HAL_TIM_IC_CaptureCallback               0x08001f9b   Thumb Code     2  stm32f1xx_hal_tim.o(i.HAL_TIM_IC_CaptureCallback)
    HAL_TIM_IRQHandler                       0x08001f9d   Thumb Code   358  stm32f1xx_hal_tim.o(i.HAL_TIM_IRQHandler)
    HAL_TIM_OC_DelayElapsedCallback          0x08002103   Thumb Code     2  stm32f1xx_hal_tim.o(i.HAL_TIM_OC_DelayElapsedCallback)
    HAL_TIM_PWM_PulseFinishedCallback        0x08002105   Thumb Code     2  stm32f1xx_hal_tim.o(i.HAL_TIM_PWM_PulseFinishedCallback)
    HAL_TIM_PeriodElapsedCallback            0x08002109   Thumb Code    32  main.o(i.HAL_TIM_PeriodElapsedCallback)
    HAL_TIM_TriggerCallback                  0x0800212d   Thumb Code     2  stm32f1xx_hal_tim.o(i.HAL_TIM_TriggerCallback)
    HAL_UARTEx_RxEventCallback               0x0800212f   Thumb Code     2  stm32f1xx_hal_uart.o(i.HAL_UARTEx_RxEventCallback)
    HAL_UART_ErrorCallback                   0x08002131   Thumb Code     2  stm32f1xx_hal_uart.o(i.HAL_UART_ErrorCallback)
    HAL_UART_IRQHandler                      0x08002135   Thumb Code   520  stm32f1xx_hal_uart.o(i.HAL_UART_IRQHandler)
    HAL_UART_Init                            0x08002341   Thumb Code    98  stm32f1xx_hal_uart.o(i.HAL_UART_Init)
    HAL_UART_MspInit                         0x080023a5   Thumb Code   508  usart.o(i.HAL_UART_MspInit)
    HAL_UART_Receive_IT                      0x080025c9   Thumb Code    42  stm32f1xx_hal_uart.o(i.HAL_UART_Receive_IT)
    HAL_UART_RxCpltCallback                  0x080025f5   Thumb Code   104  main.o(i.HAL_UART_RxCpltCallback)
    HAL_UART_Transmit                        0x0800267d   Thumb Code   178  stm32f1xx_hal_uart.o(i.HAL_UART_Transmit)
    HAL_UART_TxCpltCallback                  0x0800272f   Thumb Code     2  stm32f1xx_hal_uart.o(i.HAL_UART_TxCpltCallback)
    HardFault_Handler                        0x08002731   Thumb Code     2  stm32f1xx_it.o(i.HardFault_Handler)
    Hdmi_SendAtCmd                           0x08002735   Thumb Code    38  hdmi.o(i.Hdmi_SendAtCmd)
    MQ135_Task                               0x08002761   Thumb Code   134  mq135.o(i.MQ135_Task)
    MX_ADC1_Init                             0x08002809   Thumb Code    68  adc.o(i.MX_ADC1_Init)
    MX_ADC2_Init                             0x08002855   Thumb Code    70  adc.o(i.MX_ADC2_Init)
    MX_DMA_Init                              0x080028a5   Thumb Code    40  dma.o(i.MX_DMA_Init)
    MX_GPIO_Init                             0x080028d1   Thumb Code   164  gpio.o(i.MX_GPIO_Init)
    MX_I2C2_Init                             0x08002985   Thumb Code    50  i2c.o(i.MX_I2C2_Init)
    MX_TIM2_Init                             0x080029c5   Thumb Code    98  tim.o(i.MX_TIM2_Init)
    MX_UART4_Init                            0x08002a2d   Thumb Code    48  usart.o(i.MX_UART4_Init)
    MX_UART5_Init                            0x08002a65   Thumb Code    48  usart.o(i.MX_UART5_Init)
    MX_USART1_UART_Init                      0x08002a9d   Thumb Code    48  usart.o(i.MX_USART1_UART_Init)
    MX_USART2_UART_Init                      0x08002ad5   Thumb Code    48  usart.o(i.MX_USART2_UART_Init)
    MX_USART3_UART_Init                      0x08002b0d   Thumb Code    48  usart.o(i.MX_USART3_UART_Init)
    MemManage_Handler                        0x08002b45   Thumb Code     2  stm32f1xx_it.o(i.MemManage_Handler)
    NMI_Handler                              0x08002b47   Thumb Code     2  stm32f1xx_it.o(i.NMI_Handler)
    Openmv_Receive_Data                      0x08002b49   Thumb Code   248  openmv.o(i.Openmv_Receive_Data)
    PendSV_Handler                           0x08002c65   Thumb Code     2  stm32f1xx_it.o(i.PendSV_Handler)
    SVC_Handler                              0x08002c67   Thumb Code     2  stm32f1xx_it.o(i.SVC_Handler)
    SYN_FrameInfo                            0x08002c69   Thumb Code   118  syn6288.o(i.SYN_FrameInfo)
    SendEnd                                  0x08002ced   Thumb Code    46  hdmi.o(i.SendEnd)
    Sim900A_SendAtCmd                        0x08002d25   Thumb Code    38  sim900.o(i.Sim900A_SendAtCmd)
    Sim900A_SendMsg2                         0x08002d51   Thumb Code   128  sim900.o(i.Sim900A_SendMsg2)
    SysTick_Handler                          0x08002e25   Thumb Code     4  stm32f1xx_it.o(i.SysTick_Handler)
    SystemClock_Config                       0x08002e29   Thumb Code   122  main.o(i.SystemClock_Config)
    SystemInit                               0x08002ea3   Thumb Code     2  system_stm32f1xx.o(i.SystemInit)
    TIM2_IRQHandler                          0x08002ea5   Thumb Code     6  stm32f1xx_it.o(i.TIM2_IRQHandler)
    TIM_Base_SetConfig                       0x08002eb1   Thumb Code   120  stm32f1xx_hal_tim.o(i.TIM_Base_SetConfig)
    TIM_ETR_SetConfig                        0x08002f3d   Thumb Code    20  stm32f1xx_hal_tim.o(i.TIM_ETR_SetConfig)
    UART4_IRQHandler                         0x08002fa9   Thumb Code     6  stm32f1xx_it.o(i.UART4_IRQHandler)
    UART5_IRQHandler                         0x08002fb5   Thumb Code     6  stm32f1xx_it.o(i.UART5_IRQHandler)
    UART_Start_Receive_IT                    0x08003171   Thumb Code    54  stm32f1xx_hal_uart.o(i.UART_Start_Receive_IT)
    USART1_IRQHandler                        0x0800320d   Thumb Code     6  stm32f1xx_it.o(i.USART1_IRQHandler)
    USART2_IRQHandler                        0x08003219   Thumb Code     6  stm32f1xx_it.o(i.USART2_IRQHandler)
    USART3_IRQHandler                        0x08003225   Thumb Code     6  stm32f1xx_it.o(i.USART3_IRQHandler)
    UsageFault_Handler                       0x08003231   Thumb Code     2  stm32f1xx_it.o(i.UsageFault_Handler)
    __ARM_fpclassify                         0x08003233   Thumb Code    40  fpclassify.o(i.__ARM_fpclassify)
    __kernel_poly                            0x0800327b   Thumb Code   170  poly.o(i.__kernel_poly)
    __mathlib_dbl_divzero                    0x08003325   Thumb Code    12  dunder.o(i.__mathlib_dbl_divzero)
    __mathlib_dbl_infnan2                    0x08003335   Thumb Code     4  dunder.o(i.__mathlib_dbl_infnan2)
    __mathlib_dbl_invalid                    0x08003339   Thumb Code    12  dunder.o(i.__mathlib_dbl_invalid)
    __mathlib_dbl_overflow                   0x08003345   Thumb Code    14  dunder.o(i.__mathlib_dbl_overflow)
    __mathlib_dbl_underflow                  0x08003355   Thumb Code    10  dunder.o(i.__mathlib_dbl_underflow)
    _sys_exit                                0x08003365   Thumb Code     2  usart.o(i._sys_exit)
    fputc                                    0x08003369   Thumb Code    20  usart.o(i.fputc)
    main                                     0x08003381   Thumb Code   336  main.o(i.main)
    pow                                      0x08003599   Thumb Code  2478  pow.o(i.pow)
    sqrt                                     0x08003f51   Thumb Code    76  sqrt.o(i.sqrt)
    __aeabi_d2f                              0x08003f9d   Thumb Code     0  d2f.o(x$fpl$d2f)
    _d2f                                     0x08003f9d   Thumb Code    98  d2f.o(x$fpl$d2f)
    __aeabi_dadd                             0x08004001   Thumb Code     0  daddsub_clz.o(x$fpl$dadd)
    _dadd                                    0x08004001   Thumb Code   332  daddsub_clz.o(x$fpl$dadd)
    __fpl_dcheck_NaN1                        0x08004151   Thumb Code    10  dcheck1.o(x$fpl$dcheck1)
    __fpl_dcmp_Inf                           0x08004161   Thumb Code    24  dcmpi.o(x$fpl$dcmpinf)
    __aeabi_ddiv                             0x08004179   Thumb Code     0  ddiv.o(x$fpl$ddiv)
    _ddiv                                    0x08004179   Thumb Code   552  ddiv.o(x$fpl$ddiv)
    __aeabi_i2d                              0x08004429   Thumb Code     0  dflt_clz.o(x$fpl$dflt)
    _dflt                                    0x08004429   Thumb Code    46  dflt_clz.o(x$fpl$dflt)
    __aeabi_cdcmple                          0x08004459   Thumb Code     0  dleqf.o(x$fpl$dleqf)
    _dcmple                                  0x08004459   Thumb Code   120  dleqf.o(x$fpl$dleqf)
    __fpl_dcmple_InfNaN                      0x080044bb   Thumb Code     0  dleqf.o(x$fpl$dleqf)
    __aeabi_dmul                             0x080044d1   Thumb Code     0  dmul.o(x$fpl$dmul)
    _dmul                                    0x080044d1   Thumb Code   332  dmul.o(x$fpl$dmul)
    __fpl_dnaninf                            0x08004625   Thumb Code   156  dnaninf.o(x$fpl$dnaninf)
    __fpl_dretinf                            0x080046c1   Thumb Code    12  dretinf.o(x$fpl$dretinf)
    __aeabi_cdrcmple                         0x080046cd   Thumb Code     0  drleqf.o(x$fpl$drleqf)
    _drcmple                                 0x080046cd   Thumb Code   108  drleqf.o(x$fpl$drleqf)
    __aeabi_drsub                            0x08004739   Thumb Code     0  daddsub_clz.o(x$fpl$drsb)
    _drsb                                    0x08004739   Thumb Code    22  daddsub_clz.o(x$fpl$drsb)
    _dsqrt                                   0x08004751   Thumb Code   456  dsqrt_noumaal.o(x$fpl$dsqrt)
    __aeabi_dsub                             0x0800491d   Thumb Code     0  daddsub_clz.o(x$fpl$dsub)
    _dsub                                    0x0800491d   Thumb Code   464  daddsub_clz.o(x$fpl$dsub)
    __aeabi_f2d                              0x08004af1   Thumb Code     0  f2d.o(x$fpl$f2d)
    _f2d                                     0x08004af1   Thumb Code    86  f2d.o(x$fpl$f2d)
    __aeabi_fadd                             0x08004b49   Thumb Code     0  faddsub_clz.o(x$fpl$fadd)
    _fadd                                    0x08004b49   Thumb Code   196  faddsub_clz.o(x$fpl$fadd)
    __aeabi_f2iz                             0x08004c0d   Thumb Code     0  ffix.o(x$fpl$ffix)
    _ffix                                    0x08004c0d   Thumb Code    54  ffix.o(x$fpl$ffix)
    __aeabi_i2f                              0x08004c45   Thumb Code     0  fflt_clz.o(x$fpl$fflt)
    _fflt                                    0x08004c45   Thumb Code    48  fflt_clz.o(x$fpl$fflt)
    __aeabi_fmul                             0x08004c75   Thumb Code     0  fmul.o(x$fpl$fmul)
    _fmul                                    0x08004c75   Thumb Code   258  fmul.o(x$fpl$fmul)
    __fpl_fnaninf                            0x08004d77   Thumb Code   140  fnaninf.o(x$fpl$fnaninf)
    __fpl_fretinf                            0x08004e03   Thumb Code    10  fretinf.o(x$fpl$fretinf)
    __aeabi_fsub                             0x08004e0d   Thumb Code     0  faddsub_clz.o(x$fpl$fsub)
    _fsub                                    0x08004e0d   Thumb Code   234  faddsub_clz.o(x$fpl$fsub)
    __fpl_return_NaN                         0x08004ef7   Thumb Code   100  retnan.o(x$fpl$retnan)
    __ARM_scalbn                             0x08004f5b   Thumb Code    92  scalbn.o(x$fpl$scalbn)
    __fpl_cmpreturn                          0x08004fb7   Thumb Code    48  trapv.o(x$fpl$trapveneer)
    AHBPrescTable                            0x08004fe6   Data          16  system_stm32f1xx.o(.constdata)
    __I$use$fp                               0x08004fe6   Number         0  usenofp.o(x$fpl$usenofp)
    APBPrescTable                            0x08004ff6   Data           8  system_stm32f1xx.o(.constdata)
    __mathlib_zero                           0x08005088   Data           8  qnan.o(.constdata)
    Region$$Table$$Base                      0x08005090   Number         0  anon$$obj.o(Region$$Table)
    Region$$Table$$Limit                     0x080050b0   Number         0  anon$$obj.o(Region$$Table)
    warn_flag                                0x20000000   Data           1  main.o(.data)
    USART4_RXbuff                            0x20000001   Data           1  main.o(.data)
    if_alcohol                               0x20000002   Data           1  main.o(.data)
    time                                     0x20000004   Data           2  main.o(.data)
    ppm                                      0x20000008   Data           4  main.o(.data)
    USART2_RXbuff                            0x2000000c   Data           5  main.o(.data)
    msg                                      0x20000011   Data         215  main.o(.data)
    __stdout                                 0x200000e8   Data           4  usart.o(.data)
    uwTickFreq                               0x200000ec   Data           1  stm32f1xx_hal.o(.data)
    uwTickPrio                               0x200000f0   Data           4  stm32f1xx_hal.o(.data)
    uwTick                                   0x200000f4   Data           4  stm32f1xx_hal.o(.data)
    SystemCoreClock                          0x200000f8   Data           4  system_stm32f1xx.o(.data)
    RoG                                      0x20000100   Data           1  openmv.o(.data)
    TASK                                     0x20000101   Data           1  openmv.o(.data)
    TargetNum                                0x20000104   Data           1  openmv.o(.data)
    sendBuf                                  0x20000105   Data           4  openmv.o(.data)
    ByteSend                                 0x20000109   Data           1  sim900.o(.data)
    ByteSend_hdmi                            0x2000010a   Data           1  hdmi.o(.data)
    USART3_RXbuff                            0x2000010c   Data          10  main.o(.bss)
    warn                                     0x20000116   Data          10  main.o(.bss)
    hadc1                                    0x20000120   Data          48  adc.o(.bss)
    hadc2                                    0x20000150   Data          48  adc.o(.bss)
    hdma_adc1                                0x20000180   Data          68  adc.o(.bss)
    hi2c2                                    0x200001c4   Data          84  i2c.o(.bss)
    htim2                                    0x20000218   Data          72  tim.o(.bss)
    huart4                                   0x20000260   Data          68  usart.o(.bss)
    huart5                                   0x200002a4   Data          68  usart.o(.bss)
    huart1                                   0x200002e8   Data          68  usart.o(.bss)
    huart2                                   0x2000032c   Data          68  usart.o(.bss)
    huart3                                   0x20000370   Data          68  usart.o(.bss)
    unicode_phone                            0x200003c8   Data          48  sim900.o(.bss)
    dispbuf                                  0x200003f8   Data          64  sim900.o(.bss)
    __libspace_start                         0x20000438   Data          96  libspace.o(.bss)
    __temporary_stack_top$libspace           0x20000498   Data           0  libspace.o(.bss)



==============================================================================

Memory Map of the image

  Image Entry point : 0x08000131

  Load Region LR_IROM1 (Base: 0x08000000, Size: 0x000051bc, Max: 0x00080000, ABSOLUTE)

    Execution Region ER_IROM1 (Base: 0x08000000, Size: 0x000050b0, Max: 0x00080000, ABSOLUTE)

    Base Addr    Size         Type   Attr      Idx    E Section Name        Object

    0x08000000   0x00000130   Data   RO            3    RESET               startup_stm32f103xe.o
    0x08000130   0x00000008   Code   RO         3997  * !!!main             c_w.l(__main.o)
    0x08000138   0x00000034   Code   RO         4277    !!!scatter          c_w.l(__scatter.o)
    0x0800016c   0x0000001a   Code   RO         4279    !!handler_copy      c_w.l(__scatter_copy.o)
    0x08000186   0x00000002   PAD
    0x08000188   0x0000001c   Code   RO         4281    !!handler_zi        c_w.l(__scatter_zi.o)
    0x080001a4   0x00000000   Code   RO         3986    .ARM.Collect$$_printf_percent$$00000000  c_w.l(_printf_percent.o)
    0x080001a4   0x00000006   Code   RO         3985    .ARM.Collect$$_printf_percent$$00000009  c_w.l(_printf_d.o)
    0x080001aa   0x00000006   Code   RO         3984    .ARM.Collect$$_printf_percent$$00000014  c_w.l(_printf_s.o)
    0x080001b0   0x00000004   Code   RO         4054    .ARM.Collect$$_printf_percent$$00000017  c_w.l(_printf_percent_end.o)
    0x080001b4   0x00000002   Code   RO         4151    .ARM.Collect$$libinit$$00000000  c_w.l(libinit.o)
    0x080001b6   0x00000000   Code   RO         4159    .ARM.Collect$$libinit$$00000002  c_w.l(libinit2.o)
    0x080001b6   0x00000000   Code   RO         4161    .ARM.Collect$$libinit$$00000004  c_w.l(libinit2.o)
    0x080001b6   0x00000000   Code   RO         4164    .ARM.Collect$$libinit$$0000000A  c_w.l(libinit2.o)
    0x080001b6   0x00000000   Code   RO         4166    .ARM.Collect$$libinit$$0000000C  c_w.l(libinit2.o)
    0x080001b6   0x00000000   Code   RO         4168    .ARM.Collect$$libinit$$0000000E  c_w.l(libinit2.o)
    0x080001b6   0x00000000   Code   RO         4171    .ARM.Collect$$libinit$$00000011  c_w.l(libinit2.o)
    0x080001b6   0x00000000   Code   RO         4173    .ARM.Collect$$libinit$$00000013  c_w.l(libinit2.o)
    0x080001b6   0x00000000   Code   RO         4175    .ARM.Collect$$libinit$$00000015  c_w.l(libinit2.o)
    0x080001b6   0x00000000   Code   RO         4177    .ARM.Collect$$libinit$$00000017  c_w.l(libinit2.o)
    0x080001b6   0x00000000   Code   RO         4179    .ARM.Collect$$libinit$$00000019  c_w.l(libinit2.o)
    0x080001b6   0x00000000   Code   RO         4181    .ARM.Collect$$libinit$$0000001B  c_w.l(libinit2.o)
    0x080001b6   0x00000000   Code   RO         4183    .ARM.Collect$$libinit$$0000001D  c_w.l(libinit2.o)
    0x080001b6   0x00000000   Code   RO         4185    .ARM.Collect$$libinit$$0000001F  c_w.l(libinit2.o)
    0x080001b6   0x00000000   Code   RO         4187    .ARM.Collect$$libinit$$00000021  c_w.l(libinit2.o)
    0x080001b6   0x00000000   Code   RO         4189    .ARM.Collect$$libinit$$00000023  c_w.l(libinit2.o)
    0x080001b6   0x00000000   Code   RO         4191    .ARM.Collect$$libinit$$00000025  c_w.l(libinit2.o)
    0x080001b6   0x00000000   Code   RO         4195    .ARM.Collect$$libinit$$0000002C  c_w.l(libinit2.o)
    0x080001b6   0x00000000   Code   RO         4197    .ARM.Collect$$libinit$$0000002E  c_w.l(libinit2.o)
    0x080001b6   0x00000000   Code   RO         4199    .ARM.Collect$$libinit$$00000030  c_w.l(libinit2.o)
    0x080001b6   0x00000000   Code   RO         4201    .ARM.Collect$$libinit$$00000032  c_w.l(libinit2.o)
    0x080001b6   0x00000002   Code   RO         4202    .ARM.Collect$$libinit$$00000033  c_w.l(libinit2.o)
    0x080001b8   0x00000002   Code   RO         4220    .ARM.Collect$$libshutdown$$00000000  c_w.l(libshutdown.o)
    0x080001ba   0x00000000   Code   RO         4231    .ARM.Collect$$libshutdown$$00000003  c_w.l(libshutdown2.o)
    0x080001ba   0x00000000   Code   RO         4234    .ARM.Collect$$libshutdown$$00000006  c_w.l(libshutdown2.o)
    0x080001ba   0x00000000   Code   RO         4237    .ARM.Collect$$libshutdown$$00000009  c_w.l(libshutdown2.o)
    0x080001ba   0x00000000   Code   RO         4239    .ARM.Collect$$libshutdown$$0000000B  c_w.l(libshutdown2.o)
    0x080001ba   0x00000000   Code   RO         4242    .ARM.Collect$$libshutdown$$0000000E  c_w.l(libshutdown2.o)
    0x080001ba   0x00000002   Code   RO         4243    .ARM.Collect$$libshutdown$$0000000F  c_w.l(libshutdown2.o)
    0x080001bc   0x00000000   Code   RO         4041    .ARM.Collect$$rtentry$$00000000  c_w.l(__rtentry.o)
    0x080001bc   0x00000000   Code   RO         4108    .ARM.Collect$$rtentry$$00000002  c_w.l(__rtentry2.o)
    0x080001bc   0x00000006   Code   RO         4120    .ARM.Collect$$rtentry$$00000004  c_w.l(__rtentry4.o)
    0x080001c2   0x00000000   Code   RO         4110    .ARM.Collect$$rtentry$$00000009  c_w.l(__rtentry2.o)
    0x080001c2   0x00000004   Code   RO         4111    .ARM.Collect$$rtentry$$0000000A  c_w.l(__rtentry2.o)
    0x080001c6   0x00000000   Code   RO         4113    .ARM.Collect$$rtentry$$0000000C  c_w.l(__rtentry2.o)
    0x080001c6   0x00000008   Code   RO         4114    .ARM.Collect$$rtentry$$0000000D  c_w.l(__rtentry2.o)
    0x080001ce   0x00000002   Code   RO         4156    .ARM.Collect$$rtexit$$00000000  c_w.l(rtexit.o)
    0x080001d0   0x00000000   Code   RO         4204    .ARM.Collect$$rtexit$$00000002  c_w.l(rtexit2.o)
    0x080001d0   0x00000004   Code   RO         4205    .ARM.Collect$$rtexit$$00000003  c_w.l(rtexit2.o)
    0x080001d4   0x00000006   Code   RO         4206    .ARM.Collect$$rtexit$$00000004  c_w.l(rtexit2.o)
    0x080001da   0x00000002   PAD
    0x080001dc   0x00000040   Code   RO            4    .text               startup_stm32f103xe.o
    0x0800021c   0x00000002   Code   RO         3946    .text               c_w.l(use_no_semi_2.o)
    0x0800021e   0x00000002   PAD
    0x08000220   0x00000018   Code   RO         3954    .text               c_w.l(noretval__2printf.o)
    0x08000238   0x00000028   Code   RO         3956    .text               c_w.l(noretval__2sprintf.o)
    0x08000260   0x00000068   Code   RO         3958    .text               c_w.l(__printf.o)
    0x080002c8   0x00000052   Code   RO         3960    .text               c_w.l(_printf_str.o)
    0x0800031a   0x00000002   PAD
    0x0800031c   0x00000078   Code   RO         3962    .text               c_w.l(_printf_dec.o)
    0x08000394   0x0000003e   Code   RO         3989    .text               c_w.l(strlen.o)
    0x080003d2   0x00000044   Code   RO         3991    .text               c_w.l(rt_memclr.o)
    0x08000416   0x0000004e   Code   RO         3993    .text               c_w.l(rt_memclr_w.o)
    0x08000464   0x00000006   Code   RO         3995    .text               c_w.l(heapauxi.o)
    0x0800046a   0x00000002   Code   RO         4039    .text               c_w.l(use_no_semi.o)
    0x0800046c   0x00000016   Code   RO         4042    .text               c_w.l(_rserrno.o)
    0x08000482   0x000000b2   Code   RO         4044    .text               c_w.l(_printf_intcommon.o)
    0x08000534   0x00000030   Code   RO         4046    .text               c_w.l(_printf_char_common.o)
    0x08000564   0x0000000a   Code   RO         4048    .text               c_w.l(_sputc.o)
    0x0800056e   0x0000002c   Code   RO         4050    .text               c_w.l(_printf_char.o)
    0x0800059a   0x00000002   PAD
    0x0800059c   0x00000024   Code   RO         4052    .text               c_w.l(_printf_char_file.o)
    0x080005c0   0x00000008   Code   RO         4125    .text               c_w.l(rt_errno_addr_intlibspace.o)
    0x080005c8   0x00000008   Code   RO         4129    .text               c_w.l(ferror.o)
    0x080005d0   0x00000008   Code   RO         4139    .text               c_w.l(libspace.o)
    0x080005d8   0x0000004a   Code   RO         4142    .text               c_w.l(sys_stackheap_outer.o)
    0x08000622   0x0000000c   Code   RO         4144    .text               c_w.l(exit.o)
    0x0800062e   0x00000002   PAD
    0x08000630   0x00000056   Code   RO          675    i.ADC_ConversionStop_Disable  stm32f1xx_hal_adc.o
    0x08000686   0x00000002   PAD
    0x08000688   0x0000007c   Code   RO          679    i.ADC_Enable        stm32f1xx_hal_adc.o
    0x08000704   0x00000040   Code   RO         3827    i.ASCII_TO_Unicode  sim900.o
    0x08000744   0x00000002   Code   RO          491    i.BusFault_Handler  stm32f1xx_it.o
    0x08000746   0x00000002   PAD
    0x08000748   0x0000000c   Code   RO          492    i.DMA1_Channel1_IRQHandler  stm32f1xx_it.o
    0x08000754   0x00000002   Code   RO          493    i.DebugMon_Handler  stm32f1xx_it.o
    0x08000756   0x00000006   Code   RO          494    i.EXTI4_IRQHandler  stm32f1xx_it.o
    0x0800075c   0x00000004   Code   RO           13    i.Error_Handler     main.o
    0x08000760   0x000000fc   Code   RO          681    i.HAL_ADC_ConfigChannel  stm32f1xx_hal_adc.o
    0x0800085c   0x00000004   Code   RO          687    i.HAL_ADC_GetState  stm32f1xx_hal_adc.o
    0x08000860   0x00000006   Code   RO          688    i.HAL_ADC_GetValue  stm32f1xx_hal_adc.o
    0x08000866   0x00000002   PAD
    0x08000868   0x00000124   Code   RO          690    i.HAL_ADC_Init      stm32f1xx_hal_adc.o
    0x0800098c   0x000000c8   Code   RO          241    i.HAL_ADC_MspInit   adc.o
    0x08000a54   0x0000013c   Code   RO          694    i.HAL_ADC_PollForConversion  stm32f1xx_hal_adc.o
    0x08000b90   0x000000c0   Code   RO          696    i.HAL_ADC_Start     stm32f1xx_hal_adc.o
    0x08000c50   0x00000046   Code   RO         1330    i.HAL_DMA_Abort     stm32f1xx_hal_dma.o
    0x08000c96   0x00000002   PAD
    0x08000c98   0x00000130   Code   RO         1331    i.HAL_DMA_Abort_IT  stm32f1xx_hal_dma.o
    0x08000dc8   0x00000248   Code   RO         1335    i.HAL_DMA_IRQHandler  stm32f1xx_hal_dma.o
    0x08001010   0x0000007c   Code   RO         1336    i.HAL_DMA_Init      stm32f1xx_hal_dma.o
    0x0800108c   0x00000024   Code   RO          958    i.HAL_Delay         stm32f1xx_hal.o
    0x080010b0   0x00000034   Code   RO           14    i.HAL_GPIO_EXTI_Callback  main.o
    0x080010e4   0x00000018   Code   RO         1265    i.HAL_GPIO_EXTI_IRQHandler  stm32f1xx_hal_gpio.o
    0x080010fc   0x000001f8   Code   RO         1266    i.HAL_GPIO_Init     stm32f1xx_hal_gpio.o
    0x080012f4   0x00000010   Code   RO         1269    i.HAL_GPIO_TogglePin  stm32f1xx_hal_gpio.o
    0x08001304   0x0000000a   Code   RO         1270    i.HAL_GPIO_WritePin  stm32f1xx_hal_gpio.o
    0x0800130e   0x00000002   PAD
    0x08001310   0x0000000c   Code   RO          962    i.HAL_GetTick       stm32f1xx_hal.o
    0x0800131c   0x00000188   Code   RO         1937    i.HAL_I2C_Init      stm32f1xx_hal_i2c.o
    0x080014a4   0x00000060   Code   RO          313    i.HAL_I2C_MspInit   i2c.o
    0x08001504   0x00000010   Code   RO          968    i.HAL_IncTick       stm32f1xx_hal.o
    0x08001514   0x00000024   Code   RO          969    i.HAL_Init          stm32f1xx_hal.o
    0x08001538   0x00000040   Code   RO          970    i.HAL_InitTick      stm32f1xx_hal.o
    0x08001578   0x0000003c   Code   RO          615    i.HAL_MspInit       stm32f1xx_hal_msp.o
    0x080015b4   0x0000001a   Code   RO         1426    i.HAL_NVIC_EnableIRQ  stm32f1xx_hal_cortex.o
    0x080015ce   0x00000002   PAD
    0x080015d0   0x00000040   Code   RO         1432    i.HAL_NVIC_SetPriority  stm32f1xx_hal_cortex.o
    0x08001610   0x00000024   Code   RO         1433    i.HAL_NVIC_SetPriorityGrouping  stm32f1xx_hal_cortex.o
    0x08001634   0x000000d4   Code   RO         1228    i.HAL_RCCEx_GetPeriphCLKFreq  stm32f1xx_hal_rcc_ex.o
    0x08001708   0x000000ec   Code   RO         1229    i.HAL_RCCEx_PeriphCLKConfig  stm32f1xx_hal_rcc_ex.o
    0x080017f4   0x0000012c   Code   RO         1126    i.HAL_RCC_ClockConfig  stm32f1xx_hal_rcc.o
    0x08001920   0x00000020   Code   RO         1133    i.HAL_RCC_GetPCLK1Freq  stm32f1xx_hal_rcc.o
    0x08001940   0x00000020   Code   RO         1134    i.HAL_RCC_GetPCLK2Freq  stm32f1xx_hal_rcc.o
    0x08001960   0x0000006c   Code   RO         1135    i.HAL_RCC_GetSysClockFreq  stm32f1xx_hal_rcc.o
    0x080019cc   0x00000320   Code   RO         1138    i.HAL_RCC_OscConfig  stm32f1xx_hal_rcc.o
    0x08001cec   0x00000028   Code   RO         1437    i.HAL_SYSTICK_Config  stm32f1xx_hal_cortex.o
    0x08001d14   0x00000002   Code   RO         3064    i.HAL_TIMEx_BreakCallback  stm32f1xx_hal_tim_ex.o
    0x08001d16   0x00000002   Code   RO         3065    i.HAL_TIMEx_CommutCallback  stm32f1xx_hal_tim_ex.o
    0x08001d18   0x0000007c   Code   RO         3083    i.HAL_TIMEx_MasterConfigSynchronization  stm32f1xx_hal_tim_ex.o
    0x08001d94   0x0000005a   Code   RO         2360    i.HAL_TIM_Base_Init  stm32f1xx_hal_tim.o
    0x08001dee   0x00000002   PAD
    0x08001df0   0x00000038   Code   RO          355    i.HAL_TIM_Base_MspInit  tim.o
    0x08001e28   0x0000006c   Code   RO         2365    i.HAL_TIM_Base_Start_IT  stm32f1xx_hal_tim.o
    0x08001e94   0x00000030   Code   RO         2368    i.HAL_TIM_Base_Stop_IT  stm32f1xx_hal_tim.o
    0x08001ec4   0x000000d6   Code   RO         2369    i.HAL_TIM_ConfigClockSource  stm32f1xx_hal_tim.o
    0x08001f9a   0x00000002   Code   RO         2394    i.HAL_TIM_IC_CaptureCallback  stm32f1xx_hal_tim.o
    0x08001f9c   0x00000166   Code   RO         2408    i.HAL_TIM_IRQHandler  stm32f1xx_hal_tim.o
    0x08002102   0x00000002   Code   RO         2411    i.HAL_TIM_OC_DelayElapsedCallback  stm32f1xx_hal_tim.o
    0x08002104   0x00000002   Code   RO         2438    i.HAL_TIM_PWM_PulseFinishedCallback  stm32f1xx_hal_tim.o
    0x08002106   0x00000002   PAD
    0x08002108   0x00000024   Code   RO           15    i.HAL_TIM_PeriodElapsedCallback  main.o
    0x0800212c   0x00000002   Code   RO         2451    i.HAL_TIM_TriggerCallback  stm32f1xx_hal_tim.o
    0x0800212e   0x00000002   Code   RO         3342    i.HAL_UARTEx_RxEventCallback  stm32f1xx_hal_uart.o
    0x08002130   0x00000002   Code   RO         3356    i.HAL_UART_ErrorCallback  stm32f1xx_hal_uart.o
    0x08002132   0x00000002   PAD
    0x08002134   0x0000020c   Code   RO         3359    i.HAL_UART_IRQHandler  stm32f1xx_hal_uart.o
    0x08002340   0x00000062   Code   RO         3360    i.HAL_UART_Init     stm32f1xx_hal_uart.o
    0x080023a2   0x00000002   PAD
    0x080023a4   0x00000224   Code   RO          398    i.HAL_UART_MspInit  usart.o
    0x080025c8   0x0000002a   Code   RO         3365    i.HAL_UART_Receive_IT  stm32f1xx_hal_uart.o
    0x080025f2   0x00000002   PAD
    0x080025f4   0x00000088   Code   RO           16    i.HAL_UART_RxCpltCallback  main.o
    0x0800267c   0x000000b2   Code   RO         3368    i.HAL_UART_Transmit  stm32f1xx_hal_uart.o
    0x0800272e   0x00000002   Code   RO         3371    i.HAL_UART_TxCpltCallback  stm32f1xx_hal_uart.o
    0x08002730   0x00000002   Code   RO          495    i.HardFault_Handler  stm32f1xx_it.o
    0x08002732   0x00000002   PAD
    0x08002734   0x0000002c   Code   RO         3911    i.Hdmi_SendAtCmd    hdmi.o
    0x08002760   0x000000a8   Code   RO         3882    i.MQ135_Task        mq135.o
    0x08002808   0x0000004c   Code   RO          242    i.MX_ADC1_Init      adc.o
    0x08002854   0x00000050   Code   RO          243    i.MX_ADC2_Init      adc.o
    0x080028a4   0x0000002c   Code   RO          288    i.MX_DMA_Init       dma.o
    0x080028d0   0x000000b4   Code   RO          216    i.MX_GPIO_Init      gpio.o
    0x08002984   0x00000040   Code   RO          314    i.MX_I2C2_Init      i2c.o
    0x080029c4   0x00000068   Code   RO          356    i.MX_TIM2_Init      tim.o
    0x08002a2c   0x00000038   Code   RO          399    i.MX_UART4_Init     usart.o
    0x08002a64   0x00000038   Code   RO          400    i.MX_UART5_Init     usart.o
    0x08002a9c   0x00000038   Code   RO          401    i.MX_USART1_UART_Init  usart.o
    0x08002ad4   0x00000038   Code   RO          402    i.MX_USART2_UART_Init  usart.o
    0x08002b0c   0x00000038   Code   RO          403    i.MX_USART3_UART_Init  usart.o
    0x08002b44   0x00000002   Code   RO          496    i.MemManage_Handler  stm32f1xx_it.o
    0x08002b46   0x00000002   Code   RO          497    i.NMI_Handler       stm32f1xx_it.o
    0x08002b48   0x0000011c   Code   RO         3726    i.Openmv_Receive_Data  openmv.o
    0x08002c64   0x00000002   Code   RO          498    i.PendSV_Handler    stm32f1xx_it.o
    0x08002c66   0x00000002   Code   RO          499    i.SVC_Handler       stm32f1xx_it.o
    0x08002c68   0x00000084   Code   RO         3764    i.SYN_FrameInfo     syn6288.o
    0x08002cec   0x00000038   Code   RO         3912    i.SendEnd           hdmi.o
    0x08002d24   0x0000002c   Code   RO         3829    i.Sim900A_SendAtCmd  sim900.o
    0x08002d50   0x000000d4   Code   RO         3831    i.Sim900A_SendMsg2  sim900.o
    0x08002e24   0x00000004   Code   RO          500    i.SysTick_Handler   stm32f1xx_it.o
    0x08002e28   0x0000007a   Code   RO           17    i.SystemClock_Config  main.o
    0x08002ea2   0x00000002   Code   RO         3689    i.SystemInit        system_stm32f1xx.o
    0x08002ea4   0x0000000c   Code   RO          501    i.TIM2_IRQHandler   stm32f1xx_it.o
    0x08002eb0   0x0000008c   Code   RO         2453    i.TIM_Base_SetConfig  stm32f1xx_hal_tim.o
    0x08002f3c   0x00000014   Code   RO         2464    i.TIM_ETR_SetConfig  stm32f1xx_hal_tim.o
    0x08002f50   0x00000010   Code   RO         2465    i.TIM_ITRx_SetConfig  stm32f1xx_hal_tim.o
    0x08002f60   0x00000022   Code   RO         2471    i.TIM_TI1_ConfigInputStage  stm32f1xx_hal_tim.o
    0x08002f82   0x00000024   Code   RO         2473    i.TIM_TI2_ConfigInputStage  stm32f1xx_hal_tim.o
    0x08002fa6   0x00000002   PAD
    0x08002fa8   0x0000000c   Code   RO          502    i.UART4_IRQHandler  stm32f1xx_it.o
    0x08002fb4   0x0000000c   Code   RO          503    i.UART5_IRQHandler  stm32f1xx_it.o
    0x08002fc0   0x00000010   Code   RO         3373    i.UART_DMAAbortOnError  stm32f1xx_hal_uart.o
    0x08002fd0   0x00000030   Code   RO         3383    i.UART_EndRxTransfer  stm32f1xx_hal_uart.o
    0x08003000   0x000000b6   Code   RO         3385    i.UART_Receive_IT   stm32f1xx_hal_uart.o
    0x080030b6   0x00000002   PAD
    0x080030b8   0x000000b8   Code   RO         3386    i.UART_SetConfig    stm32f1xx_hal_uart.o
    0x08003170   0x00000036   Code   RO         3388    i.UART_Start_Receive_IT  stm32f1xx_hal_uart.o
    0x080031a6   0x00000064   Code   RO         3389    i.UART_WaitOnFlagUntilTimeout  stm32f1xx_hal_uart.o
    0x0800320a   0x00000002   PAD
    0x0800320c   0x0000000c   Code   RO          504    i.USART1_IRQHandler  stm32f1xx_it.o
    0x08003218   0x0000000c   Code   RO          505    i.USART2_IRQHandler  stm32f1xx_it.o
    0x08003224   0x0000000c   Code   RO          506    i.USART3_IRQHandler  stm32f1xx_it.o
    0x08003230   0x00000002   Code   RO          507    i.UsageFault_Handler  stm32f1xx_it.o
    0x08003232   0x00000028   Code   RO         4094    i.__ARM_fpclassify  m_ws.l(fpclassify.o)
    0x0800325a   0x00000020   Code   RO         1439    i.__NVIC_SetPriority  stm32f1xx_hal_cortex.o
    0x0800327a   0x000000aa   Code   RO         4096    i.__kernel_poly     m_ws.l(poly.o)
    0x08003324   0x00000010   Code   RO         4080    i.__mathlib_dbl_divzero  m_ws.l(dunder.o)
    0x08003334   0x00000004   Code   RO         4082    i.__mathlib_dbl_infnan2  m_ws.l(dunder.o)
    0x08003338   0x0000000c   Code   RO         4083    i.__mathlib_dbl_invalid  m_ws.l(dunder.o)
    0x08003344   0x0000000e   Code   RO         4084    i.__mathlib_dbl_overflow  m_ws.l(dunder.o)
    0x08003352   0x00000002   PAD
    0x08003354   0x00000010   Code   RO         4086    i.__mathlib_dbl_underflow  m_ws.l(dunder.o)
    0x08003364   0x00000002   Code   RO          404    i._sys_exit         usart.o
    0x08003366   0x00000002   PAD
    0x08003368   0x00000018   Code   RO          406    i.fputc             usart.o
    0x08003380   0x00000218   Code   RO           18    i.main              main.o
    0x08003598   0x000009b8   Code   RO         4030    i.pow               m_ws.l(pow.o)
    0x08003f50   0x0000004c   Code   RO         4100    i.sqrt              m_ws.l(sqrt.o)
    0x08003f9c   0x00000062   Code   RO         3999    x$fpl$d2f           fz_ws.l(d2f.o)
    0x08003ffe   0x00000002   PAD
    0x08004000   0x00000150   Code   RO         4055    x$fpl$dadd          fz_ws.l(daddsub_clz.o)
    0x08004150   0x00000010   Code   RO         4061    x$fpl$dcheck1       fz_ws.l(dcheck1.o)
    0x08004160   0x00000018   Code   RO         4152    x$fpl$dcmpinf       fz_ws.l(dcmpi.o)
    0x08004178   0x000002b0   Code   RO         4002    x$fpl$ddiv          fz_ws.l(ddiv.o)
    0x08004428   0x0000002e   Code   RO         4064    x$fpl$dflt          fz_ws.l(dflt_clz.o)
    0x08004456   0x00000002   PAD
    0x08004458   0x00000078   Code   RO         4133    x$fpl$dleqf         fz_ws.l(dleqf.o)
    0x080044d0   0x00000154   Code   RO         4005    x$fpl$dmul          fz_ws.l(dmul.o)
    0x08004624   0x0000009c   Code   RO         4069    x$fpl$dnaninf       fz_ws.l(dnaninf.o)
    0x080046c0   0x0000000c   Code   RO         4071    x$fpl$dretinf       fz_ws.l(dretinf.o)
    0x080046cc   0x0000006c   Code   RO         4073    x$fpl$drleqf        fz_ws.l(drleqf.o)
    0x08004738   0x00000016   Code   RO         4056    x$fpl$drsb          fz_ws.l(daddsub_clz.o)
    0x0800474e   0x00000002   PAD
    0x08004750   0x000001cc   Code   RO         4135    x$fpl$dsqrt         fz_ws.l(dsqrt_noumaal.o)
    0x0800491c   0x000001d4   Code   RO         4057    x$fpl$dsub          fz_ws.l(daddsub_clz.o)
    0x08004af0   0x00000056   Code   RO         4007    x$fpl$f2d           fz_ws.l(f2d.o)
    0x08004b46   0x00000002   PAD
    0x08004b48   0x000000c4   Code   RO         4009    x$fpl$fadd          fz_ws.l(faddsub_clz.o)
    0x08004c0c   0x00000036   Code   RO         4015    x$fpl$ffix          fz_ws.l(ffix.o)
    0x08004c42   0x00000002   PAD
    0x08004c44   0x00000030   Code   RO         4020    x$fpl$fflt          fz_ws.l(fflt_clz.o)
    0x08004c74   0x00000102   Code   RO         4025    x$fpl$fmul          fz_ws.l(fmul.o)
    0x08004d76   0x0000008c   Code   RO         4075    x$fpl$fnaninf       fz_ws.l(fnaninf.o)
    0x08004e02   0x0000000a   Code   RO         4077    x$fpl$fretinf       fz_ws.l(fretinf.o)
    0x08004e0c   0x000000ea   Code   RO         4011    x$fpl$fsub          fz_ws.l(faddsub_clz.o)
    0x08004ef6   0x00000064   Code   RO         4137    x$fpl$retnan        fz_ws.l(retnan.o)
    0x08004f5a   0x0000005c   Code   RO         4027    x$fpl$scalbn        fz_ws.l(scalbn.o)
    0x08004fb6   0x00000030   Code   RO         4154    x$fpl$trapveneer    fz_ws.l(trapv.o)
    0x08004fe6   0x00000000   Code   RO         4079    x$fpl$usenofp       fz_ws.l(usenofp.o)
    0x08004fe6   0x00000010   Data   RO         3690    .constdata          system_stm32f1xx.o
    0x08004ff6   0x00000008   Data   RO         3691    .constdata          system_stm32f1xx.o
    0x08004ffe   0x00000002   PAD
    0x08005000   0x00000088   Data   RO         4031    .constdata          m_ws.l(pow.o)
    0x08005088   0x00000008   Data   RO         4098    .constdata          m_ws.l(qnan.o)
    0x08005090   0x00000020   Data   RO         4275    Region$$Table       anon$$obj.o


    Execution Region RW_IRAM1 (Base: 0x20000000, Size: 0x00000a98, Max: 0x00010000, ABSOLUTE)

    Base Addr    Size         Type   Attr      Idx    E Section Name        Object

    0x20000000   0x000000e8   Data   RW           21    .data               main.o
    0x200000e8   0x00000004   Data   RW          408    .data               usart.o
    0x200000ec   0x0000000c   Data   RW          976    .data               stm32f1xx_hal.o
    0x200000f8   0x00000004   Data   RW         3692    .data               system_stm32f1xx.o
    0x200000fc   0x0000000d   Data   RW         3729    .data               openmv.o
    0x20000109   0x00000001   Data   RW         3833    .data               sim900.o
    0x2000010a   0x00000001   Data   RW         3913    .data               hdmi.o
    0x2000010b   0x00000001   PAD
    0x2000010c   0x00000014   Zero   RW           20    .bss                main.o
    0x20000120   0x000000a4   Zero   RW          244    .bss                adc.o
    0x200001c4   0x00000054   Zero   RW          315    .bss                i2c.o
    0x20000218   0x00000048   Zero   RW          357    .bss                tim.o
    0x20000260   0x00000154   Zero   RW          407    .bss                usart.o
    0x200003b4   0x00000014   Zero   RW         3728    .bss                openmv.o
    0x200003c8   0x00000070   Zero   RW         3832    .bss                sim900.o
    0x20000438   0x00000060   Zero   RW         4140    .bss                c_w.l(libspace.o)
    0x20000498   0x00000200   Zero   RW            2    HEAP                startup_stm32f103xe.o
    0x20000698   0x00000400   Zero   RW            1    STACK               startup_stm32f103xe.o


==============================================================================

Image component sizes


      Code (inc. data)   RO Data    RW Data    ZI Data      Debug   Object Name

       356         42          0          0        164       2344   adc.o
        44          4          0          0          0        750   dma.o
       180         16          0          0          0        983   gpio.o
       100         16          0          1          0       1171   hdmi.o
       160         28          0          0         84       1589   i2c.o
       886        246          0        232         20     512818   main.o
       168         34          0          0          0        521   mq135.o
       284         36          0         13         20       1659   openmv.o
       320         90          0          1        112       2500   sim900.o
        64         26        304          0       1536        804   startup_stm32f103xe.o
       164         28          0         12          0       6405   stm32f1xx_hal.o
      1272         58          0          0          0       6379   stm32f1xx_hal_adc.o
       198         14          0          0          0      28551   stm32f1xx_hal_cortex.o
      1082         52          0          0          0       3271   stm32f1xx_hal_dma.o
       554         48          0          0          0       3664   stm32f1xx_hal_gpio.o
       392         16          0          0          0       2923   stm32f1xx_hal_i2c.o
        60          8          0          0          0        862   stm32f1xx_hal_msp.o
      1272        100          0          0          0       4912   stm32f1xx_hal_rcc.o
       448         44          0          0          0       2389   stm32f1xx_hal_rcc_ex.o
      1072         40          0          0          0       9668   stm32f1xx_hal_tim.o
       128         20          0          0          0       2301   stm32f1xx_hal_tim_ex.o
      1432         10          0          0          0       9344   stm32f1xx_hal_uart.o
       110         42          0          0          0       7276   stm32f1xx_it.o
       132         14          0          0          0       1064   syn6288.o
         2          0         24          4          0       1107   system_stm32f1xx.o
       160         12          0          0         72       1622   tim.o
       854         84          0          4        340       6614   usart.o

    ----------------------------------------------------------------------
     11926       1128        362        268       2348     623491   Object Totals
         0          0         32          0          0          0   (incl. Generated)
        32          0          2          1          0          0   (incl. Padding)

    ----------------------------------------------------------------------

      Code (inc. data)   RO Data    RW Data    ZI Data      Debug   Library Member Name

         8          0          0          0          0         68   __main.o
       104          0          0          0          0         84   __printf.o
         0          0          0          0          0          0   __rtentry.o
        12          0          0          0          0          0   __rtentry2.o
         6          0          0          0          0          0   __rtentry4.o
        52          8          0          0          0          0   __scatter.o
        26          0          0          0          0          0   __scatter_copy.o
        28          0          0          0          0          0   __scatter_zi.o
        44          0          0          0          0        108   _printf_char.o
        48          6          0          0          0         96   _printf_char_common.o
        36          4          0          0          0         80   _printf_char_file.o
         6          0          0          0          0          0   _printf_d.o
       120         16          0          0          0         92   _printf_dec.o
       178          0          0          0          0         88   _printf_intcommon.o
         0          0          0          0          0          0   _printf_percent.o
         4          0          0          0          0          0   _printf_percent_end.o
         6          0          0          0          0          0   _printf_s.o
        82          0          0          0          0         80   _printf_str.o
        22          0          0          0          0        100   _rserrno.o
        10          0          0          0          0         68   _sputc.o
        12          0          0          0          0         72   exit.o
         8          0          0          0          0         68   ferror.o
         6          0          0          0          0        152   heapauxi.o
         2          0          0          0          0          0   libinit.o
         2          0          0          0          0          0   libinit2.o
         2          0          0          0          0          0   libshutdown.o
         2          0          0          0          0          0   libshutdown2.o
         8          4          0          0         96         68   libspace.o
        24          4          0          0          0         84   noretval__2printf.o
        40          6          0          0          0         84   noretval__2sprintf.o
         8          4          0          0          0         68   rt_errno_addr_intlibspace.o
        68          0          0          0          0         68   rt_memclr.o
        78          0          0          0          0         80   rt_memclr_w.o
         2          0          0          0          0          0   rtexit.o
        10          0          0          0          0          0   rtexit2.o
        62          0          0          0          0         76   strlen.o
        74          0          0          0          0         80   sys_stackheap_outer.o
         2          0          0          0          0         68   use_no_semi.o
         2          0          0          0          0         68   use_no_semi_2.o
        98          4          0          0          0         92   d2f.o
       826         16          0          0          0        348   daddsub_clz.o
        16          4          0          0          0         68   dcheck1.o
        24          0          0          0          0         68   dcmpi.o
       688        140          0          0          0        208   ddiv.o
        46          0          0          0          0         68   dflt_clz.o
       120          4          0          0          0         92   dleqf.o
       340         12          0          0          0        104   dmul.o
       156          4          0          0          0         92   dnaninf.o
        12          0          0          0          0         68   dretinf.o
       108          0          0          0          0         80   drleqf.o
       460         56          0          0          0        120   dsqrt_noumaal.o
        86          4          0          0          0         84   f2d.o
       430          8          0          0          0        168   faddsub_clz.o
        54          4          0          0          0         84   ffix.o
        48          0          0          0          0         68   fflt_clz.o
       258          4          0          0          0         84   fmul.o
       140          4          0          0          0         84   fnaninf.o
        10          0          0          0          0         68   fretinf.o
       100          0          0          0          0         68   retnan.o
        92          0          0          0          0         68   scalbn.o
        48          0          0          0          0         68   trapv.o
         0          0          0          0          0          0   usenofp.o
        62         10          0          0          0        340   dunder.o
        40          0          0          0          0         68   fpclassify.o
       170          0          0          0          0         96   poly.o
      2488        190        136          0          0        300   pow.o
         0          0          8          0          0          0   qnan.o
        76          0          0          0          0         84   sqrt.o

    ----------------------------------------------------------------------
      8224        516        144          0         96       5040   Library Totals
        24          0          0          0          0          0   (incl. Padding)

    ----------------------------------------------------------------------

      Code (inc. data)   RO Data    RW Data    ZI Data      Debug   Library Name

      1204         52          0          0         96       1900   c_w.l
      4160        264          0          0          0       2252   fz_ws.l
      2836        200        144          0          0        888   m_ws.l

    ----------------------------------------------------------------------
      8224        516        144          0         96       5040   Library Totals

    ----------------------------------------------------------------------

==============================================================================


      Code (inc. data)   RO Data    RW Data    ZI Data      Debug   

     20150       1644        506        268       2444     620103   Grand Totals
     20150       1644        506        268       2444     620103   ELF Image Totals
     20150       1644        506        268          0          0   ROM Totals

==============================================================================

    Total RO  Size (Code + RO Data)                20656 (  20.17kB)
    Total RW  Size (RW Data + ZI Data)              2712 (   2.65kB)
    Total ROM Size (Code + RO Data + RW Data)      20924 (  20.43kB)

==============================================================================

