<html>
<body>
<pre>
<h1>礦ision Build Log</h1>
<h2>Tool Versions:</h2>
IDE-Version: μVision V5.14.1
Copyright (C) 2015 ARM Ltd and ARM Germany GmbH. All rights reserved.
License Information: Cortex-M3, lulu, LIC=WHYH9-4XW9X-PCEJ8-32FD2-SF48T-5MI3M
 
Tool Versions:
Toolchain:       MDK-ARM Standard  Version: 5.14.0.0
Toolchain Path:  D:\MDK\ARM\ARMCC\Bin
C Compiler:      Armcc.exe V5.05 update 1 (build 106)
Assembler:       Armasm.exe V5.05 update 1 (build 106)
Linker/Locator:  ArmLink.exe V5.05 update 1 (build 106)
Library Manager: ArmAr.exe V5.05 update 1 (build 106)
Hex Converter:   FromElf.exe V5.05 update 1 (build 106)
CPU DLL:         SARMCM3.DLL V5.14.0.0
Dialog DLL:      DCM.DLL V1.13.1.0
Target DLL:      STLink\ST-LINKIII-KEIL_SWO.dll V2.0.14.0_KEIL
Dialog DLL:      TCM.DLL V1.14.4.0
 
<h2>Project:</h2>
D:\BaiduNetdiskDownload\shengdian\pig3 - 副本\MDK-ARM\pig3.uvprojx
Project File Date:  07/26/2022

<h2>Output:</h2>
*** Using Compiler 'V5.05 update 1 (build 106)', folder: 'D:\MDK\ARM\ARMCC\Bin'
Build target 'pig3'
compiling main.c...
../Hardware/sim900.h(41): warning:  #1-D: last line of file ends without a newline
   
../Hardware/hdmi.h(7): warning:  #1-D: last line of file ends without a newline
  #endif
../Core/Src/main.c(130): warning:  #188-D: enumerated type mixed with another type
        HAL_GPIO_WritePin(LED_GPIO_Port,LED_Pin,1);//关灯
../Core/Src/main.c(145): warning:  #223-D: function "memset" declared implicitly
                memset(hdmi_n0msg,'\0',sizeof(hdmi_n0msg));
../Core/Src/main.c(173): warning:  #188-D: enumerated type mixed with another type
                        HAL_GPIO_WritePin(LED_GPIO_Port,LED_Pin,0);//开灯
../Core/Src/main.c(186): warning:  #188-D: enumerated type mixed with another type
                else    HAL_GPIO_WritePin(LED_GPIO_Port,LED_Pin,1);//关灯
../Core/Src/main.c(299): warning:  #223-D: function "memcpy" declared implicitly
                memcpy(warn,USART3_RXbuff,sizeof(USART3_RXbuff));
../Core/Src/main.c(300): warning:  #223-D: function "memset" declared implicitly
                memset(USART3_RXbuff,'\0',sizeof(USART3_RXbuff));
../Core/Src/main.c: 8 warnings, 0 errors
linking...
Program Size: Code=20094 RO-data=506 RW-data=268 ZI-data=2444  
FromELF: creating hex file...
"pig3\pig3.axf" - 0 Error(s), 8 Warning(s).

<h2>Software Packages used:</h2>

Package Vendor: ARM
                http://www.keil.com/pack/ARM.CMSIS.4.2.0.pack
                ARM::CMSIS:CORE:3.40.0
                CMSIS (Cortex Microcontroller Software Interface Standard)
   * Component: CORE Version: 3.40.0

<h2>Collection of Component include folders:</h2>
  D:\BaiduNetdiskDownload\shengdian\pig3 - 副本\MDK-ARM\RTE
  D:\MDK\ARM\PACK\ARM\CMSIS\4.2.0\CMSIS\Include
  D:\MDK\ARM\PACK\Keil\STM32F1xx_DFP\1.0.5\Device\Include

<h2>Collection of Component Files used:</h2>

   * Component: ARM::CMSIS:CORE:3.40.0
      Source file:   CMSIS\UserCodeTemplates\ARM\ITM_Retarget.c
</pre>
</body>
</html>
